Aug  1 11:07:37 localhost journal: Runtime journal is using 6.1M (max allowed 49.5M, trying to leave 74.3M free of 489.6M available → current limit 49.5M).
Aug  1 11:07:37 localhost kernel: Initializing cgroup subsys cpuset
Aug  1 11:07:37 localhost kernel: Initializing cgroup subsys cpu
Aug  1 11:07:37 localhost kernel: Initializing cgroup subsys cpuacct
Aug  1 11:07:37 localhost kernel: Linux version 3.10.0-862.el7.x86_64 (builder@kbuilder.dev.centos.org) (gcc version 4.8.5 20150623 (Red Hat 4.8.5-28) (GCC) ) #1 SMP Fri Apr 20 16:44:24 UTC 2018
Aug  1 11:07:37 localhost kernel: Command line: BOOT_IMAGE=/vmlinuz-3.10.0-862.el7.x86_64 root=UUID=040dfccb-203d-4d47-abc8-bb56eadb2aa6 ro crashkernel=auto rd.md.uuid=cd3646e4:08f7114c:1411039c:606122e8 rd.md.uuid=1abd53e1:800812ab:4861d617:d12ddcaf rd.md.uuid=60447cd7:b28fa9d6:6322220b:9a8076da rhgb quiet LANG=ru_RU.UTF-8
Aug  1 11:07:37 localhost kernel: e820: BIOS-provided physical RAM map:
Aug  1 11:07:37 localhost kernel: BIOS-e820: [mem 0x0000000000000000-0x000000000009fbff] usable
Aug  1 11:07:37 localhost kernel: BIOS-e820: [mem 0x000000000009fc00-0x000000000009ffff] reserved
Aug  1 11:07:37 localhost kernel: BIOS-e820: [mem 0x00000000000f0000-0x00000000000fffff] reserved
Aug  1 11:07:37 localhost kernel: BIOS-e820: [mem 0x0000000000100000-0x000000003ffeffff] usable
Aug  1 11:07:37 localhost kernel: BIOS-e820: [mem 0x000000003fff0000-0x000000003fffffff] ACPI data
Aug  1 11:07:37 localhost kernel: BIOS-e820: [mem 0x00000000fec00000-0x00000000fec00fff] reserved
Aug  1 11:07:37 localhost kernel: BIOS-e820: [mem 0x00000000fee00000-0x00000000fee00fff] reserved
Aug  1 11:07:37 localhost kernel: BIOS-e820: [mem 0x00000000fffc0000-0x00000000ffffffff] reserved
Aug  1 11:07:37 localhost kernel: NX (Execute Disable) protection: active
Aug  1 11:07:37 localhost kernel: SMBIOS 2.5 present.
Aug  1 11:07:37 localhost kernel: Hypervisor detected: KVM
Aug  1 11:07:37 localhost kernel: e820: last_pfn = 0x3fff0 max_arch_pfn = 0x400000000
Aug  1 11:07:37 localhost kernel: PAT configuration [0-7]: WB  WC  UC- UC  WB  WP  UC- UC  
Aug  1 11:07:37 localhost kernel: CPU MTRRs all blank - virtualized system.
Aug  1 11:07:37 localhost kernel: found SMP MP-table at [mem 0x0009fff0-0x0009ffff] mapped at [ffffffffff200ff0]
Aug  1 11:07:37 localhost kernel: RAMDISK: [mem 0x35acd000-0x36d5efff]
Aug  1 11:07:37 localhost kernel: Early table checksum verification disabled
Aug  1 11:07:37 localhost kernel: ACPI: RSDP 00000000000e0000 00024 (v02 VBOX  )
Aug  1 11:07:37 localhost kernel: ACPI: XSDT 000000003fff0030 0003C (v01 VBOX   VBOXXSDT 00000001 ASL  00000061)
Aug  1 11:07:37 localhost kernel: ACPI: FACP 000000003fff00f0 000F4 (v04 VBOX   VBOXFACP 00000001 ASL  00000061)
Aug  1 11:07:37 localhost kernel: ACPI: DSDT 000000003fff0470 021FF (v02 VBOX   VBOXBIOS 00000002 INTL 20100528)
Aug  1 11:07:37 localhost kernel: ACPI: FACS 000000003fff0200 00040
Aug  1 11:07:37 localhost kernel: ACPI: APIC 000000003fff0240 00054 (v02 VBOX   VBOXAPIC 00000001 ASL  00000061)
Aug  1 11:07:37 localhost kernel: ACPI: SSDT 000000003fff02a0 001CC (v01 VBOX   VBOXCPUT 00000002 INTL 20100528)
Aug  1 11:07:37 localhost kernel: No NUMA configuration found
Aug  1 11:07:37 localhost kernel: Faking a node at [mem 0x0000000000000000-0x000000003ffeffff]
Aug  1 11:07:37 localhost kernel: NODE_DATA(0) allocated [mem 0x3ffc9000-0x3ffeffff]
Aug  1 11:07:37 localhost kernel: crashkernel=auto resulted in zero bytes of reserved memory.
Aug  1 11:07:37 localhost kernel: kvm-clock: Using msrs 4b564d01 and 4b564d00
Aug  1 11:07:37 localhost kernel: kvm-clock: cpu 0, msr 0:3ff79001, primary cpu clock
Aug  1 11:07:37 localhost kernel: kvm-clock: using sched offset of 2702261449020 cycles
Aug  1 11:07:37 localhost kernel: Zone ranges:
Aug  1 11:07:37 localhost kernel:  DMA      [mem 0x00001000-0x00ffffff]
Aug  1 11:07:37 localhost kernel:  DMA32    [mem 0x01000000-0xffffffff]
Aug  1 11:07:37 localhost kernel:  Normal   empty
Aug  1 11:07:37 localhost kernel: Movable zone start for each node
Aug  1 11:07:37 localhost kernel: Early memory node ranges
Aug  1 11:07:37 localhost kernel:  node   0: [mem 0x00001000-0x0009efff]
Aug  1 11:07:37 localhost kernel:  node   0: [mem 0x00100000-0x3ffeffff]
Aug  1 11:07:37 localhost kernel: Initmem setup node 0 [mem 0x00001000-0x3ffeffff]
Aug  1 11:07:37 localhost kernel: ACPI: PM-Timer IO Port: 0x4008
Aug  1 11:07:37 localhost kernel: ACPI: LAPIC (acpi_id[0x00] lapic_id[0x00] enabled)
Aug  1 11:07:37 localhost kernel: ACPI: IOAPIC (id[0x01] address[0xfec00000] gsi_base[0])
Aug  1 11:07:37 localhost kernel: IOAPIC[0]: apic_id 1, version 32, address 0xfec00000, GSI 0-23
Aug  1 11:07:37 localhost kernel: ACPI: INT_SRC_OVR (bus 0 bus_irq 0 global_irq 2 dfl dfl)
Aug  1 11:07:37 localhost kernel: ACPI: INT_SRC_OVR (bus 0 bus_irq 9 global_irq 9 low level)
Aug  1 11:07:37 localhost kernel: Using ACPI (MADT) for SMP configuration information
Aug  1 11:07:37 localhost kernel: smpboot: Allowing 1 CPUs, 0 hotplug CPUs
Aug  1 11:07:37 localhost kernel: PM: Registered nosave memory: [mem 0x0009f000-0x0009ffff]
Aug  1 11:07:37 localhost kernel: PM: Registered nosave memory: [mem 0x000a0000-0x000effff]
Aug  1 11:07:37 localhost kernel: PM: Registered nosave memory: [mem 0x000f0000-0x000fffff]
Aug  1 11:07:37 localhost kernel: e820: [mem 0x40000000-0xfebfffff] available for PCI devices
Aug  1 11:07:37 localhost kernel: Booting paravirtualized kernel on KVM
Aug  1 11:07:37 localhost kernel: setup_percpu: NR_CPUS:5120 nr_cpumask_bits:1 nr_cpu_ids:1 nr_node_ids:1
Aug  1 11:07:37 localhost kernel: PERCPU: Embedded 35 pages/cpu @ffff974d3fc00000 s104856 r8192 d30312 u2097152
Aug  1 11:07:37 localhost kernel: PV qspinlock hash table entries: 256 (order: 0, 4096 bytes)
Aug  1 11:07:37 localhost kernel: Built 1 zonelists in Node order, mobility grouping on.  Total pages: 257913
Aug  1 11:07:37 localhost kernel: Policy zone: DMA32
Aug  1 11:07:37 localhost kernel: Kernel command line: BOOT_IMAGE=/vmlinuz-3.10.0-862.el7.x86_64 root=UUID=040dfccb-203d-4d47-abc8-bb56eadb2aa6 ro crashkernel=auto rd.md.uuid=cd3646e4:08f7114c:1411039c:606122e8 rd.md.uuid=1abd53e1:800812ab:4861d617:d12ddcaf rd.md.uuid=60447cd7:b28fa9d6:6322220b:9a8076da rhgb quiet LANG=ru_RU.UTF-8
Aug  1 11:07:37 localhost kernel: PID hash table entries: 4096 (order: 3, 32768 bytes)
Aug  1 11:07:37 localhost kernel: x86/fpu: xstate_offset[2]: 0240, xstate_sizes[2]: 0100
Aug  1 11:07:37 localhost kernel: xsave: enabled xstate_bv 0x7, cntxt size 0x340 using standard form
Aug  1 11:07:37 localhost kernel: Memory: 993096k/1048512k available (7324k kernel code, 392k absent, 55024k reserved, 6305k data, 1832k init)
Aug  1 11:07:37 localhost kernel: SLUB: HWalign=64, Order=0-3, MinObjects=0, CPUs=1, Nodes=1
Aug  1 11:07:37 localhost kernel: x86/pti: Unmapping kernel while in userspace
Aug  1 11:07:37 localhost kernel: Hierarchical RCU implementation.
Aug  1 11:07:37 localhost kernel: #011RCU restricting CPUs from NR_CPUS=5120 to nr_cpu_ids=1.
Aug  1 11:07:37 localhost kernel: NR_IRQS:327936 nr_irqs:256 0
Aug  1 11:07:37 localhost kernel: Console: colour VGA+ 80x25
Aug  1 11:07:37 localhost kernel: console [tty0] enabled
Aug  1 11:07:37 localhost kernel: allocated 4194304 bytes of page_cgroup
Aug  1 11:07:37 localhost kernel: please try 'cgroup_disable=memory' option if you don't want memory cgroups
Aug  1 11:07:37 localhost kernel: tsc: Detected 2294.786 MHz processor
Aug  1 11:07:37 localhost kernel: Calibrating delay loop (skipped) preset value.. 4589.57 BogoMIPS (lpj=2294786)
Aug  1 11:07:37 localhost kernel: pid_max: default: 32768 minimum: 301
Aug  1 11:07:37 localhost kernel: Security Framework initialized
Aug  1 11:07:37 localhost kernel: SELinux:  Initializing.
Aug  1 11:07:37 localhost kernel: Yama: becoming mindful.
Aug  1 11:07:37 localhost kernel: Dentry cache hash table entries: 131072 (order: 8, 1048576 bytes)
Aug  1 11:07:37 localhost kernel: Inode-cache hash table entries: 65536 (order: 7, 524288 bytes)
Aug  1 11:07:37 localhost kernel: Mount-cache hash table entries: 2048 (order: 2, 16384 bytes)
Aug  1 11:07:37 localhost kernel: Mountpoint-cache hash table entries: 2048 (order: 2, 16384 bytes)
Aug  1 11:07:37 localhost kernel: Initializing cgroup subsys memory
Aug  1 11:07:37 localhost kernel: Initializing cgroup subsys devices
Aug  1 11:07:37 localhost kernel: Initializing cgroup subsys freezer
Aug  1 11:07:37 localhost kernel: Initializing cgroup subsys net_cls
Aug  1 11:07:37 localhost kernel: Initializing cgroup subsys blkio
Aug  1 11:07:37 localhost kernel: Initializing cgroup subsys perf_event
Aug  1 11:07:37 localhost kernel: Initializing cgroup subsys hugetlb
Aug  1 11:07:37 localhost kernel: Initializing cgroup subsys pids
Aug  1 11:07:37 localhost kernel: Initializing cgroup subsys net_prio
Aug  1 11:07:37 localhost kernel: CPU: Physical Processor ID: 0
Aug  1 11:07:37 localhost kernel: mce: CPU supports 0 MCE banks
Aug  1 11:07:37 localhost kernel: Last level iTLB entries: 4KB 512, 2MB 0, 4MB 0
Aug  1 11:07:37 localhost kernel: Last level dTLB entries: 4KB 512, 2MB 32, 4MB 32
Aug  1 11:07:37 localhost kernel: tlb_flushall_shift: 6
Aug  1 11:07:37 localhost kernel: FEATURE SPEC_CTRL Not Present
Aug  1 11:07:37 localhost kernel: FEATURE IBPB_SUPPORT Not Present
Aug  1 11:07:37 localhost kernel: Spectre V2 : Vulnerable: Retpoline without IBPB
Aug  1 11:07:37 localhost kernel: Freeing SMP alternatives: 24k freed
Aug  1 11:07:37 localhost kernel: ACPI: Core revision 20130517
Aug  1 11:07:37 localhost kernel: ACPI: All ACPI Tables successfully acquired
Aug  1 11:07:37 localhost kernel: ftrace: allocating 28047 entries in 110 pages
Aug  1 11:07:37 localhost kernel: Enabling x2apic
Aug  1 11:07:37 localhost kernel: Enabled x2apic
Aug  1 11:07:37 localhost kernel: Switched APIC routing to physical x2apic.
Aug  1 11:07:37 localhost kernel: ..TIMER: vector=0x30 apic1=0 pin1=2 apic2=-1 pin2=-1
Aug  1 11:07:37 localhost kernel: smpboot: CPU0: Intel(R) Core(TM) i3-2350M CPU @ 2.30GHz (fam: 06, model: 2a, stepping: 07)
Aug  1 11:07:37 localhost kernel: random: fast init done
Aug  1 11:07:37 localhost kernel: Performance Events: unsupported p6 CPU model 42 no PMU driver, software events only.
Aug  1 11:07:37 localhost kernel: KVM setup paravirtual spinlock
Aug  1 11:07:37 localhost kernel: Brought up 1 CPUs
Aug  1 11:07:37 localhost kernel: smpboot: Max logical packages: 1
Aug  1 11:07:37 localhost kernel: smpboot: Total of 1 processors activated (4589.57 BogoMIPS)
Aug  1 11:07:37 localhost kernel: devtmpfs: initialized
Aug  1 11:07:37 localhost kernel: EVM: security.selinux
Aug  1 11:07:37 localhost kernel: EVM: security.ima
Aug  1 11:07:37 localhost kernel: EVM: security.capability
Aug  1 11:07:37 localhost kernel: atomic64 test passed for x86-64 platform with CX8 and with SSE
Aug  1 11:07:37 localhost kernel: pinctrl core: initialized pinctrl subsystem
Aug  1 11:07:37 localhost kernel: RTC time:  8:07:34, date: 08/01/18
Aug  1 11:07:37 localhost kernel: NET: Registered protocol family 16
Aug  1 11:07:37 localhost kernel: ACPI: bus type PCI registered
Aug  1 11:07:37 localhost kernel: acpiphp: ACPI Hot Plug PCI Controller Driver version: 0.5
Aug  1 11:07:37 localhost kernel: PCI: Using configuration type 1 for base access
Aug  1 11:07:37 localhost kernel: ACPI: Added _OSI(Module Device)
Aug  1 11:07:37 localhost kernel: ACPI: Added _OSI(Processor Device)
Aug  1 11:07:37 localhost kernel: ACPI: Added _OSI(3.0 _SCP Extensions)
Aug  1 11:07:37 localhost kernel: ACPI: Added _OSI(Processor Aggregator Device)
Aug  1 11:07:37 localhost kernel: ACPI: Executed 1 blocks of module-level executable AML code
Aug  1 11:07:37 localhost kernel: ACPI: Interpreter enabled
Aug  1 11:07:37 localhost kernel: ACPI: (supports S0 S5)
Aug  1 11:07:37 localhost kernel: ACPI: Using IOAPIC for interrupt routing
Aug  1 11:07:37 localhost kernel: PCI: Using host bridge windows from ACPI; if necessary, use "pci=nocrs" and report a bug
Aug  1 11:07:37 localhost kernel: ACPI: Enabled 2 GPEs in block 00 to 07
Aug  1 11:07:37 localhost kernel: ACPI: PCI Root Bridge [PCI0] (domain 0000 [bus 00-ff])
Aug  1 11:07:37 localhost kernel: acpi PNP0A03:00: _OSC: OS supports [ASPM ClockPM Segments MSI]
Aug  1 11:07:38 localhost kernel: acpi PNP0A03:00: _OSC: not requesting OS control; OS requires [ExtendedConfig ASPM ClockPM MSI]
Aug  1 11:07:38 localhost kernel: acpi PNP0A03:00: fail to add MMCONFIG information, can't access extended PCI configuration space under this bridge.
Aug  1 11:07:38 localhost kernel: PCI host bridge to bus 0000:00
Aug  1 11:07:38 localhost kernel: pci_bus 0000:00: root bus resource [bus 00-ff]
Aug  1 11:07:38 localhost kernel: pci_bus 0000:00: root bus resource [io  0x0000-0x0cf7 window]
Aug  1 11:07:38 localhost kernel: pci_bus 0000:00: root bus resource [io  0x0d00-0xffff window]
Aug  1 11:07:38 localhost kernel: pci_bus 0000:00: root bus resource [mem 0x000a0000-0x000bffff window]
Aug  1 11:07:38 localhost kernel: pci_bus 0000:00: root bus resource [mem 0x40000000-0xfdffffff window]
Aug  1 11:07:38 localhost kernel: pci 0000:00:01.1: legacy IDE quirk: reg 0x10: [io  0x01f0-0x01f7]
Aug  1 11:07:38 localhost kernel: pci 0000:00:01.1: legacy IDE quirk: reg 0x14: [io  0x03f6]
Aug  1 11:07:38 localhost kernel: pci 0000:00:01.1: legacy IDE quirk: reg 0x18: [io  0x0170-0x0177]
Aug  1 11:07:38 localhost kernel: pci 0000:00:01.1: legacy IDE quirk: reg 0x1c: [io  0x0376]
Aug  1 11:07:38 localhost kernel: pci 0000:00:07.0: quirk: [io  0x4000-0x403f] claimed by PIIX4 ACPI
Aug  1 11:07:38 localhost kernel: pci 0000:00:07.0: quirk: [io  0x4100-0x410f] claimed by PIIX4 SMB
Aug  1 11:07:38 localhost kernel: ACPI: PCI Interrupt Link [LNKA] (IRQs 5 9 10 *11)
Aug  1 11:07:38 localhost kernel: ACPI: PCI Interrupt Link [LNKB] (IRQs 5 9 *10 11)
Aug  1 11:07:38 localhost kernel: ACPI: PCI Interrupt Link [LNKC] (IRQs 5 *9 10 11)
Aug  1 11:07:38 localhost kernel: ACPI: PCI Interrupt Link [LNKD] (IRQs 5 9 10 *11)
Aug  1 11:07:38 localhost kernel: vgaarb: device added: PCI:0000:00:02.0,decodes=io+mem,owns=io+mem,locks=none
Aug  1 11:07:38 localhost kernel: vgaarb: loaded
Aug  1 11:07:38 localhost kernel: vgaarb: bridge control possible 0000:00:02.0
Aug  1 11:07:38 localhost kernel: SCSI subsystem initialized
Aug  1 11:07:38 localhost kernel: ACPI: bus type USB registered
Aug  1 11:07:38 localhost kernel: usbcore: registered new interface driver usbfs
Aug  1 11:07:38 localhost kernel: usbcore: registered new interface driver hub
Aug  1 11:07:38 localhost kernel: usbcore: registered new device driver usb
Aug  1 11:07:38 localhost kernel: EDAC MC: Ver: 3.0.0
Aug  1 11:07:38 localhost kernel: PCI: Using ACPI for IRQ routing
Aug  1 11:07:38 localhost kernel: NetLabel: Initializing
Aug  1 11:07:38 localhost kernel: NetLabel:  domain hash size = 128
Aug  1 11:07:38 localhost kernel: NetLabel:  protocols = UNLABELED CIPSOv4
Aug  1 11:07:38 localhost kernel: NetLabel:  unlabeled traffic allowed by default
Aug  1 11:07:38 localhost kernel: amd_nb: Cannot enumerate AMD northbridges
Aug  1 11:07:38 localhost kernel: Switched to clocksource kvm-clock
Aug  1 11:07:38 localhost kernel: pnp: PnP ACPI init
Aug  1 11:07:38 localhost kernel: ACPI: bus type PNP registered
Aug  1 11:07:38 localhost kernel: pnp: PnP ACPI: found 2 devices
Aug  1 11:07:38 localhost kernel: ACPI: bus type PNP unregistered
Aug  1 11:07:38 localhost kernel: NET: Registered protocol family 2
Aug  1 11:07:38 localhost kernel: TCP established hash table entries: 8192 (order: 4, 65536 bytes)
Aug  1 11:07:38 localhost kernel: TCP bind hash table entries: 8192 (order: 5, 131072 bytes)
Aug  1 11:07:38 localhost kernel: TCP: Hash tables configured (established 8192 bind 8192)
Aug  1 11:07:38 localhost kernel: TCP: reno registered
Aug  1 11:07:38 localhost kernel: UDP hash table entries: 512 (order: 2, 16384 bytes)
Aug  1 11:07:38 localhost kernel: UDP-Lite hash table entries: 512 (order: 2, 16384 bytes)
Aug  1 11:07:38 localhost kernel: NET: Registered protocol family 1
Aug  1 11:07:38 localhost kernel: pci 0000:00:00.0: Limiting direct PCI/PCI transfers
Aug  1 11:07:38 localhost kernel: pci 0000:00:01.0: Activating ISA DMA hang workarounds
Aug  1 11:07:38 localhost kernel: Unpacking initramfs...
Aug  1 11:07:38 localhost kernel: Freeing initrd memory: 19016k freed
Aug  1 11:07:38 localhost kernel: RAPL PMU: API unit is 2^-32 Joules, 3 fixed counters, 10737418240 ms ovfl timer
Aug  1 11:07:38 localhost kernel: RAPL PMU: hw unit of domain pp0-core 2^-0 Joules
Aug  1 11:07:38 localhost kernel: RAPL PMU: hw unit of domain package 2^-0 Joules
Aug  1 11:07:38 localhost kernel: RAPL PMU: hw unit of domain pp1-gpu 2^-0 Joules
Aug  1 11:07:38 localhost kernel: platform rtc_cmos: registered platform RTC device (no PNP device found)
Aug  1 11:07:38 localhost kernel: sha1_ssse3: Using AVX optimized SHA-1 implementation
Aug  1 11:07:38 localhost kernel: sha256_ssse3: Using AVX optimized SHA-256 implementation
Aug  1 11:07:38 localhost kernel: futex hash table entries: 256 (order: 2, 16384 bytes)
Aug  1 11:07:38 localhost kernel: Initialise system trusted keyring
Aug  1 11:07:38 localhost kernel: audit: initializing netlink socket (disabled)
Aug  1 11:07:38 localhost kernel: type=2000 audit(1533113559.087:1): initialized
Aug  1 11:07:38 localhost kernel: HugeTLB registered 2 MB page size, pre-allocated 0 pages
Aug  1 11:07:38 localhost kernel: zpool: loaded
Aug  1 11:07:38 localhost kernel: zbud: loaded
Aug  1 11:07:38 localhost kernel: VFS: Disk quotas dquot_6.5.2
Aug  1 11:07:38 localhost kernel: Dquot-cache hash table entries: 512 (order 0, 4096 bytes)
Aug  1 11:07:38 localhost kernel: msgmni has been set to 1976
Aug  1 11:07:38 localhost kernel: Key type big_key registered
Aug  1 11:07:38 localhost kernel: NET: Registered protocol family 38
Aug  1 11:07:38 localhost kernel: Key type asymmetric registered
Aug  1 11:07:38 localhost kernel: Asymmetric key parser 'x509' registered
Aug  1 11:07:38 localhost kernel: Block layer SCSI generic (bsg) driver version 0.4 loaded (major 248)
Aug  1 11:07:38 localhost kernel: io scheduler noop registered
Aug  1 11:07:38 localhost kernel: io scheduler deadline registered (default)
Aug  1 11:07:38 localhost kernel: io scheduler cfq registered
Aug  1 11:07:38 localhost kernel: io scheduler mq-deadline registered
Aug  1 11:07:38 localhost kernel: io scheduler kyber registered
Aug  1 11:07:38 localhost kernel: pci_hotplug: PCI Hot Plug PCI Core version: 0.5
Aug  1 11:07:38 localhost kernel: pciehp: PCI Express Hot Plug Controller Driver version: 0.4
Aug  1 11:07:38 localhost kernel: ACPI: AC Adapter [AC] (on-line)
Aug  1 11:07:38 localhost kernel: input: Power Button as /devices/LNXSYSTM:00/LNXPWRBN:00/input/input0
Aug  1 11:07:38 localhost kernel: ACPI: Power Button [PWRF]
Aug  1 11:07:38 localhost kernel: input: Sleep Button as /devices/LNXSYSTM:00/LNXSLPBN:00/input/input1
Aug  1 11:07:38 localhost kernel: ACPI: Sleep Button [SLPF]
Aug  1 11:07:38 localhost kernel: GHES: HEST is not enabled!
Aug  1 11:07:38 localhost kernel: Serial: 8250/16550 driver, 4 ports, IRQ sharing enabled
Aug  1 11:07:38 localhost kernel: Non-volatile memory driver v1.3
Aug  1 11:07:38 localhost kernel: Linux agpgart interface v0.103
Aug  1 11:07:38 localhost kernel: crash memory driver: version 1.1
Aug  1 11:07:38 localhost kernel: rdac: device handler registered
Aug  1 11:07:38 localhost kernel: ACPI: Battery Slot [BAT0] (battery present)
Aug  1 11:07:38 localhost kernel: hp_sw: device handler registered
Aug  1 11:07:38 localhost kernel: emc: device handler registered
Aug  1 11:07:38 localhost kernel: alua: device handler registered
Aug  1 11:07:38 localhost kernel: libphy: Fixed MDIO Bus: probed
Aug  1 11:07:38 localhost kernel: ehci_hcd: USB 2.0 'Enhanced' Host Controller (EHCI) Driver
Aug  1 11:07:38 localhost kernel: ehci-pci: EHCI PCI platform driver
Aug  1 11:07:38 localhost kernel: ohci_hcd: USB 1.1 'Open' Host Controller (OHCI) Driver
Aug  1 11:07:38 localhost kernel: ohci-pci: OHCI PCI platform driver
Aug  1 11:07:38 localhost kernel: ohci-pci 0000:00:06.0: OHCI PCI host controller
Aug  1 11:07:38 localhost kernel: ohci-pci 0000:00:06.0: new USB bus registered, assigned bus number 1
Aug  1 11:07:38 localhost kernel: ohci-pci 0000:00:06.0: irq 22, io mem 0xf0804000
Aug  1 11:07:38 localhost kernel: usb usb1: New USB device found, idVendor=1d6b, idProduct=0001
Aug  1 11:07:38 localhost kernel: usb usb1: New USB device strings: Mfr=3, Product=2, SerialNumber=1
Aug  1 11:07:38 localhost kernel: usb usb1: Product: OHCI PCI host controller
Aug  1 11:07:38 localhost kernel: usb usb1: Manufacturer: Linux 3.10.0-862.el7.x86_64 ohci_hcd
Aug  1 11:07:38 localhost kernel: usb usb1: SerialNumber: 0000:00:06.0
Aug  1 11:07:38 localhost kernel: hub 1-0:1.0: USB hub found
Aug  1 11:07:38 localhost kernel: hub 1-0:1.0: 12 ports detected
Aug  1 11:07:38 localhost kernel: uhci_hcd: USB Universal Host Controller Interface driver
Aug  1 11:07:38 localhost kernel: usbcore: registered new interface driver usbserial
Aug  1 11:07:38 localhost kernel: usbcore: registered new interface driver usbserial_generic
Aug  1 11:07:38 localhost kernel: usbserial: USB Serial support registered for generic
Aug  1 11:07:38 localhost kernel: i8042: PNP: PS/2 Controller [PNP0303:PS2K,PNP0f03:PS2M] at 0x60,0x64 irq 1,12
Aug  1 11:07:38 localhost kernel: serio: i8042 KBD port at 0x60,0x64 irq 1
Aug  1 11:07:38 localhost kernel: serio: i8042 AUX port at 0x60,0x64 irq 12
Aug  1 11:07:38 localhost kernel: mousedev: PS/2 mouse device common for all mice
Aug  1 11:07:38 localhost kernel: input: AT Translated Set 2 keyboard as /devices/platform/i8042/serio0/input/input2
Aug  1 11:07:38 localhost kernel: rtc_cmos rtc_cmos: rtc core: registered rtc_cmos as rtc0
Aug  1 11:07:38 localhost kernel: rtc_cmos rtc_cmos: alarms up to one day, 114 bytes nvram
Aug  1 11:07:38 localhost kernel: cpuidle: using governor menu
Aug  1 11:07:38 localhost kernel: hidraw: raw HID events driver (C) Jiri Kosina
Aug  1 11:07:38 localhost kernel: usbcore: registered new interface driver usbhid
Aug  1 11:07:38 localhost kernel: usbhid: USB HID core driver
Aug  1 11:07:38 localhost kernel: drop_monitor: Initializing network drop monitor service
Aug  1 11:07:38 localhost kernel: TCP: cubic registered
Aug  1 11:07:38 localhost kernel: Initializing XFRM netlink socket
Aug  1 11:07:38 localhost kernel: NET: Registered protocol family 10
Aug  1 11:07:38 localhost kernel: NET: Registered protocol family 17
Aug  1 11:07:38 localhost kernel: mpls_gso: MPLS GSO support
Aug  1 11:07:38 localhost kernel: microcode: CPU0 sig=0x206a7, pf=0x10, revision=0x0
Aug  1 11:07:38 localhost kernel: microcode: Microcode Update Driver: v2.01 <tigran@aivazian.fsnet.co.uk>, Peter Oruba
Aug  1 11:07:38 localhost kernel: Loading compiled-in X.509 certificates
Aug  1 11:07:38 localhost kernel: Loaded X.509 cert 'CentOS Linux kpatch signing key: ea0413152cde1d98ebdca3fe6f0230904c9ef717'
Aug  1 11:07:38 localhost kernel: Loaded X.509 cert 'CentOS Linux Driver update signing key: 7f421ee0ab69461574bb358861dbe77762a4201b'
Aug  1 11:07:38 localhost kernel: Loaded X.509 cert 'CentOS Linux kernel signing key: 3af3ce8a74696ef1bd0f37e552627b7109e32b96'
Aug  1 11:07:38 localhost kernel: registered taskstats version 1
Aug  1 11:07:38 localhost kernel: Key type trusted registered
Aug  1 11:07:38 localhost kernel: Key type encrypted registered
Aug  1 11:07:38 localhost kernel: IMA: No TPM chip found, activating TPM-bypass! (rc=-19)
Aug  1 11:07:38 localhost kernel:  Magic number: 14:995:117
Aug  1 11:07:38 localhost kernel: rtc_cmos rtc_cmos: setting system clock to 2018-08-01 08:07:37 UTC (1533110857)
Aug  1 11:07:38 localhost kernel: Freeing unused kernel memory: 1832k freed
Aug  1 11:07:38 localhost kernel: Write protecting the kernel read-only data: 12288k
Aug  1 11:07:38 localhost kernel: Freeing unused kernel memory: 856k freed
Aug  1 11:07:38 localhost kernel: Freeing unused kernel memory: 684k freed
Aug  1 11:07:38 localhost systemd[1]: systemd 219 running in system mode. (+PAM +AUDIT +SELINUX +IMA -APPARMOR +SMACK +SYSVINIT +UTMP +LIBCRYPTSETUP +GCRYPT +GNUTLS +ACL +XZ +LZ4 -SECCOMP +BLKID +ELFUTILS +KMOD +IDN)
Aug  1 11:07:38 localhost systemd[1]: Detected virtualization kvm.
Aug  1 11:07:38 localhost systemd[1]: Detected architecture x86-64.
Aug  1 11:07:38 localhost systemd[1]: Running in initial RAM disk.
Aug  1 11:07:38 localhost systemd[1]: Set hostname to <localhost.localdomain>.
Aug  1 11:07:38 localhost systemd[1]: Created slice Root Slice.
Aug  1 11:07:38 localhost systemd[1]: Starting Root Slice.
Aug  1 11:07:38 localhost systemd[1]: Listening on udev Control Socket.
Aug  1 11:07:38 localhost systemd[1]: Starting udev Control Socket.
Aug  1 11:07:38 localhost systemd[1]: Reached target Timers.
Aug  1 11:07:38 localhost systemd[1]: Starting Timers.
Aug  1 11:07:38 localhost systemd[1]: Created slice System Slice.
Aug  1 11:07:38 localhost systemd[1]: Starting System Slice.
Aug  1 11:07:38 localhost systemd[1]: Listening on Journal Socket.
Aug  1 11:07:38 localhost systemd[1]: Starting Journal Socket.
Aug  1 11:07:38 localhost systemd[1]: Starting Create list of required static device nodes for the current kernel...
Aug  1 11:07:38 localhost systemd[1]: Reached target Local File Systems.
Aug  1 11:07:38 localhost systemd[1]: Starting Local File Systems.
Aug  1 11:07:38 localhost systemd[1]: Starting dracut cmdline hook...
Aug  1 11:07:38 localhost systemd[1]: Listening on udev Kernel Socket.
Aug  1 11:07:38 localhost systemd[1]: Starting udev Kernel Socket.
Aug  1 11:07:38 localhost systemd[1]: Reached target Swap.
Aug  1 11:07:38 localhost systemd[1]: Starting Swap.
Aug  1 11:07:38 localhost systemd[1]: Reached target Sockets.
Aug  1 11:07:38 localhost systemd[1]: Starting Sockets.
Aug  1 11:07:38 localhost systemd[1]: Starting Setup Virtual Console...
Aug  1 11:07:38 localhost systemd[1]: Starting Apply Kernel Variables...
Aug  1 11:07:38 localhost systemd[1]: Reached target Slices.
Aug  1 11:07:38 localhost kernel: psmouse serio1: alps: Unknown ALPS touchpad: E7=10 00 64, EC=10 00 64
Aug  1 11:07:38 localhost kernel: input: ImExPS/2 Generic Explorer Mouse as /devices/platform/i8042/serio1/input/input3
Aug  1 11:07:38 localhost systemd[1]: Starting Slices.
Aug  1 11:07:38 localhost systemd[1]: Starting Journal Service...
Aug  1 11:07:38 localhost systemd[1]: Started Create list of required static device nodes for the current kernel.
Aug  1 11:07:38 localhost systemd[1]: Starting Create Static Device Nodes in /dev...
Aug  1 11:07:38 localhost systemd[1]: Started Apply Kernel Variables.
Aug  1 11:07:38 localhost systemd[1]: Started Create Static Device Nodes in /dev.
Aug  1 11:07:38 localhost journal: Journal started
Aug  1 11:07:38 localhost systemd[1]: Started Journal Service.
Aug  1 11:07:38 localhost kernel: tsc: Refined TSC clocksource calibration: 2293.601 MHz
Aug  1 11:07:38 localhost systemd: Started Setup Virtual Console.
Aug  1 11:07:38 localhost systemd: Started dracut cmdline hook.
Aug  1 11:07:38 localhost systemd: Starting dracut pre-udev hook...
Aug  1 11:07:38 localhost systemd: Started dracut pre-udev hook.
Aug  1 11:07:38 localhost systemd: Starting udev Kernel Device Manager...
Aug  1 11:07:38 localhost systemd-udevd: starting version 219
Aug  1 11:07:38 localhost systemd: Started udev Kernel Device Manager.
Aug  1 11:07:38 localhost systemd: Starting dracut pre-trigger hook...
Aug  1 11:07:39 localhost systemd: Started dracut pre-trigger hook.
Aug  1 11:07:39 localhost systemd: Starting udev Coldplug all Devices...
Aug  1 11:07:39 localhost systemd: Mounting Configuration File System...
Aug  1 11:07:39 localhost systemd: Mounted Configuration File System.
Aug  1 11:07:39 localhost systemd: Started udev Coldplug all Devices.
Aug  1 11:07:39 localhost systemd: Starting Show Plymouth Boot Screen...
Aug  1 11:07:39 localhost systemd: Reached target System Initialization.
Aug  1 11:07:39 localhost systemd: Starting System Initialization.
Aug  1 11:07:39 localhost systemd: Starting dracut initqueue hook...
Aug  1 11:07:39 localhost systemd: Started Show Plymouth Boot Screen.
Aug  1 11:07:39 localhost systemd: Reached target Paths.
Aug  1 11:07:39 localhost systemd: Starting Paths.
Aug  1 11:07:39 localhost systemd: Started Forward Password Requests to Plymouth Directory Watch.
Aug  1 11:07:39 localhost systemd: Starting Forward Password Requests to Plymouth Directory Watch.
Aug  1 11:07:39 localhost systemd: Reached target Basic System.
Aug  1 11:07:39 localhost systemd: Starting Basic System.
Aug  1 11:07:39 localhost kernel: e1000: Intel(R) PRO/1000 Network Driver - version 7.3.21-k8-NAPI
Aug  1 11:07:39 localhost kernel: e1000: Copyright (c) 1999-2006 Intel Corporation.
Aug  1 11:07:40 localhost kernel: e1000 0000:00:03.0 eth0: (PCI:33MHz:32-bit) 08:00:27:c2:be:3e
Aug  1 11:07:40 localhost kernel: e1000 0000:00:03.0 eth0: Intel(R) PRO/1000 Network Connection
Aug  1 11:07:40 localhost kernel: scsi host0: ata_piix
Aug  1 11:07:40 localhost kernel: scsi host1: ata_piix
Aug  1 11:07:40 localhost kernel: ata1: PATA max UDMA/33 cmd 0x1f0 ctl 0x3f6 bmdma 0xd000 irq 14
Aug  1 11:07:40 localhost kernel: ata2: PATA max UDMA/33 cmd 0x170 ctl 0x376 bmdma 0xd008 irq 15
Aug  1 11:07:40 localhost kernel: ahci 0000:00:0d.0: SSS flag set, parallel bus scan disabled
Aug  1 11:07:40 localhost kernel: ahci 0000:00:0d.0: AHCI 0001.0100 32 slots 2 ports 3 Gbps 0x3 impl SATA mode
Aug  1 11:07:40 localhost kernel: ahci 0000:00:0d.0: flags: 64bit ncq stag only ccc 
Aug  1 11:07:40 localhost kernel: scsi host2: ahci
Aug  1 11:07:40 localhost kernel: scsi host3: ahci
Aug  1 11:07:40 localhost kernel: ata3: SATA max UDMA/133 abar m8192@0xf0806000 port 0xf0806100 irq 21
Aug  1 11:07:40 localhost kernel: ata4: SATA max UDMA/133 abar m8192@0xf0806000 port 0xf0806180 irq 21
Aug  1 11:07:41 localhost kernel: ata2.00: ATAPI: VBOX CD-ROM, 1.0, max UDMA/133
Aug  1 11:07:41 localhost kernel: ata2.00: configured for UDMA/33
Aug  1 11:07:41 localhost kernel: scsi 1:0:0:0: CD-ROM            VBOX     CD-ROM           1.0  PQ: 0 ANSI: 5
Aug  1 11:07:41 localhost kernel: ata3: SATA link up 3.0 Gbps (SStatus 123 SControl 300)
Aug  1 11:07:41 localhost kernel: ata3.00: ATA-6: VBOX HARDDISK, 1.0, max UDMA/133
Aug  1 11:07:41 localhost kernel: ata3.00: 16777216 sectors, multi 128: LBA48 NCQ (depth 31/32)
Aug  1 11:07:41 localhost kernel: ata3.00: configured for UDMA/133
Aug  1 11:07:41 localhost kernel: scsi 2:0:0:0: Direct-Access     ATA      VBOX HARDDISK    1.0  PQ: 0 ANSI: 5
Aug  1 11:07:41 localhost kernel: ata4: SATA link up 3.0 Gbps (SStatus 123 SControl 300)
Aug  1 11:07:41 localhost kernel: ata4.00: ATA-6: VBOX HARDDISK, 1.0, max UDMA/133
Aug  1 11:07:41 localhost kernel: ata4.00: 16777216 sectors, multi 128: LBA48 NCQ (depth 31/32)
Aug  1 11:07:41 localhost kernel: ata4.00: configured for UDMA/133
Aug  1 11:07:41 localhost kernel: scsi 3:0:0:0: Direct-Access     ATA      VBOX HARDDISK    1.0  PQ: 0 ANSI: 5
Aug  1 11:07:41 localhost kernel: sr 1:0:0:0: [sr0] scsi3-mmc drive: 32x/32x xa/form2 tray
Aug  1 11:07:41 localhost kernel: cdrom: Uniform CD-ROM driver Revision: 3.20
Aug  1 11:07:41 localhost kernel: sd 2:0:0:0: [sda] 16777216 512-byte logical blocks: (8.58 GB/8.00 GiB)
Aug  1 11:07:41 localhost kernel: sd 2:0:0:0: [sda] Write Protect is off
Aug  1 11:07:41 localhost kernel: sd 2:0:0:0: [sda] Write cache: enabled, read cache: enabled, doesn't support DPO or FUA
Aug  1 11:07:41 localhost kernel: sd 3:0:0:0: [sdb] 16777216 512-byte logical blocks: (8.58 GB/8.00 GiB)
Aug  1 11:07:41 localhost kernel: sd 3:0:0:0: [sdb] Write Protect is off
Aug  1 11:07:41 localhost kernel: sd 3:0:0:0: [sdb] Write cache: enabled, read cache: enabled, doesn't support DPO or FUA
Aug  1 11:07:41 localhost kernel: sda: sda1 sda2 sda3
Aug  1 11:07:41 localhost kernel: sd 2:0:0:0: [sda] Attached SCSI disk
Aug  1 11:07:41 localhost kernel: sdb: sdb1 sdb2 sdb3
Aug  1 11:07:41 localhost kernel: sd 3:0:0:0: [sdb] Attached SCSI disk
Aug  1 11:07:42 localhost kernel: random: crng init done
Aug  1 11:07:42 localhost kernel: md/raid1:md127: active with 2 out of 2 mirrors
Aug  1 11:07:42 localhost kernel: md127: detected capacity change from 0 to 2146435072
Aug  1 11:07:43 localhost kernel: md/raid1:md126: active with 2 out of 2 mirrors
Aug  1 11:07:43 localhost kernel: md126: detected capacity change from 0 to 1072693248
Aug  1 11:07:43 localhost kernel: md/raid1:md125: active with 2 out of 2 mirrors
Aug  1 11:07:43 localhost kernel: md125: detected capacity change from 0 to 5342494720
Aug  1 11:07:43 localhost systemd: Found device /dev/disk/by-uuid/040dfccb-203d-4d47-abc8-bb56eadb2aa6.
Aug  1 11:07:43 localhost systemd: Starting File System Check on /dev/disk/by-uuid/040dfccb-203d-4d47-abc8-bb56eadb2aa6...
Aug  1 11:07:43 localhost systemd-fsck: /sbin/fsck.xfs: XFS file system.
Aug  1 11:07:43 localhost systemd: Started File System Check on /dev/disk/by-uuid/040dfccb-203d-4d47-abc8-bb56eadb2aa6.
Aug  1 11:07:43 localhost systemd: Started dracut initqueue hook.
Aug  1 11:07:43 localhost systemd: Starting dracut pre-mount hook...
Aug  1 11:07:43 localhost systemd: Reached target Remote File Systems (Pre).
Aug  1 11:07:43 localhost systemd: Starting Remote File Systems (Pre).
Aug  1 11:07:43 localhost systemd: Reached target Remote File Systems.
Aug  1 11:07:43 localhost systemd: Starting Remote File Systems.
Aug  1 11:07:43 localhost systemd: Started dracut pre-mount hook.
Aug  1 11:07:43 localhost systemd: Mounting /sysroot...
Aug  1 11:07:44 localhost kernel: SGI XFS with ACLs, security attributes, no debug enabled
Aug  1 11:07:44 localhost kernel: XFS (md125): Mounting V5 Filesystem
Aug  1 11:07:44 localhost systemd: Received SIGRTMIN+20 from PID 258 (plymouthd).
Aug  1 11:07:44 localhost kernel: XFS (md125): Ending clean mount
Aug  1 11:07:45 localhost systemd: Mounted /sysroot.
Aug  1 11:07:45 localhost systemd: Reached target Initrd Root File System.
Aug  1 11:07:45 localhost systemd: Starting Initrd Root File System.
Aug  1 11:07:45 localhost systemd: Starting Reload Configuration from the Real Root...
Aug  1 11:07:45 localhost systemd: Reloading.
Aug  1 11:07:45 localhost systemd: Started Reload Configuration from the Real Root.
Aug  1 11:07:45 localhost systemd: Reached target Initrd File Systems.
Aug  1 11:07:45 localhost systemd: Starting Initrd File Systems.
Aug  1 11:07:45 localhost systemd: Reached target Initrd Default Target.
Aug  1 11:07:45 localhost systemd: Starting Initrd Default Target.
Aug  1 11:07:45 localhost systemd: Starting dracut pre-pivot and cleanup hook...
Aug  1 11:07:45 localhost systemd: Started dracut pre-pivot and cleanup hook.
Aug  1 11:07:45 localhost systemd: Starting Cleaning Up and Shutting Down Daemons...
Aug  1 11:07:45 localhost systemd: Cannot add dependency job for unit mdmonitor.service, ignoring: Unit not found.
Aug  1 11:07:45 localhost systemd: Stopped Cleaning Up and Shutting Down Daemons.
Aug  1 11:07:45 localhost systemd: Stopped dracut pre-pivot and cleanup hook.
Aug  1 11:07:45 localhost systemd: Stopping dracut pre-pivot and cleanup hook...
Aug  1 11:07:45 localhost systemd: Stopped dracut pre-mount hook.
Aug  1 11:07:45 localhost systemd: Stopping dracut pre-mount hook...
Aug  1 11:07:45 localhost systemd: Stopped target Remote File Systems.
Aug  1 11:07:45 localhost systemd: Stopping Remote File Systems.
Aug  1 11:07:45 localhost systemd: Stopped target Initrd Default Target.
Aug  1 11:07:45 localhost systemd: Stopping Initrd Default Target.
Aug  1 11:07:45 localhost systemd: Stopped target Basic System.
Aug  1 11:07:45 localhost systemd: Stopping Basic System.
Aug  1 11:07:45 localhost systemd: Stopped target Sockets.
Aug  1 11:07:45 localhost systemd: Stopping Sockets.
Aug  1 11:07:45 localhost systemd: Stopped target Slices.
Aug  1 11:07:45 localhost systemd: Stopping Slices.
Aug  1 11:07:45 localhost systemd: Stopped target Paths.
Aug  1 11:07:45 localhost systemd: Stopping Paths.
Aug  1 11:07:45 localhost systemd: Starting Plymouth switch root service...
Aug  1 11:07:45 localhost systemd: Stopped target Remote File Systems (Pre).
Aug  1 11:07:45 localhost systemd: Stopping Remote File Systems (Pre).
Aug  1 11:07:45 localhost systemd: Stopped dracut initqueue hook.
Aug  1 11:07:45 localhost systemd: Stopping dracut initqueue hook...
Aug  1 11:07:45 localhost systemd: Stopped target Timers.
Aug  1 11:07:45 localhost systemd: Stopping Timers.
Aug  1 11:07:45 localhost systemd: Stopped target System Initialization.
Aug  1 11:07:45 localhost systemd: Stopping System Initialization.
Aug  1 11:07:45 localhost systemd: Stopped udev Coldplug all Devices.
Aug  1 11:07:45 localhost systemd: Stopping udev Coldplug all Devices...
Aug  1 11:07:45 localhost systemd: Stopped dracut pre-trigger hook.
Aug  1 11:07:45 localhost systemd: Stopping dracut pre-trigger hook...
Aug  1 11:07:45 localhost systemd: Stopped Apply Kernel Variables.
Aug  1 11:07:45 localhost systemd: Stopping Apply Kernel Variables...
Aug  1 11:07:45 localhost systemd: Stopping udev Kernel Device Manager...
Aug  1 11:07:45 localhost systemd: Stopped target Local File Systems.
Aug  1 11:07:45 localhost systemd: Stopping Local File Systems.
Aug  1 11:07:45 localhost systemd: Stopped target Swap.
Aug  1 11:07:45 localhost systemd: Stopping Swap.
Aug  1 11:07:45 localhost systemd: Stopped udev Kernel Device Manager.
Aug  1 11:07:45 localhost systemd: Stopped Create Static Device Nodes in /dev.
Aug  1 11:07:45 localhost systemd: Stopping Create Static Device Nodes in /dev...
Aug  1 11:07:45 localhost systemd: Stopped Create list of required static device nodes for the current kernel.
Aug  1 11:07:45 localhost systemd: Stopping Create list of required static device nodes for the current kernel...
Aug  1 11:07:45 localhost systemd: Stopped dracut pre-udev hook.
Aug  1 11:07:45 localhost systemd: Stopping dracut pre-udev hook...
Aug  1 11:07:45 localhost systemd: Stopped dracut cmdline hook.
Aug  1 11:07:45 localhost systemd: Stopping dracut cmdline hook...
Aug  1 11:07:45 localhost systemd: Closed udev Control Socket.
Aug  1 11:07:45 localhost systemd: Stopping udev Control Socket.
Aug  1 11:07:45 localhost systemd: Closed udev Kernel Socket.
Aug  1 11:07:45 localhost systemd: Stopping udev Kernel Socket.
Aug  1 11:07:45 localhost systemd: Starting Cleanup udevd DB...
Aug  1 11:07:45 localhost systemd: Started Plymouth switch root service.
Aug  1 11:07:45 localhost systemd: Started Cleanup udevd DB.
Aug  1 11:07:45 localhost systemd: Reached target Switch Root.
Aug  1 11:07:45 localhost systemd: Starting Switch Root.
Aug  1 11:07:45 localhost systemd: Starting Switch Root...
Aug  1 11:07:45 localhost systemd: Switching root.
Aug  1 11:07:45 localhost journal: Journal stopped
Aug  1 11:07:49 localhost journal: Runtime journal is using 6.1M (max allowed 49.5M, trying to leave 74.3M free of 489.6M available → current limit 49.5M).
Aug  1 11:07:49 localhost systemd-journald[86]: Received SIGTERM from PID 1 (systemd).
Aug  1 11:07:49 localhost kernel: type=1404 audit(1533110866.300:2): enforcing=1 old_enforcing=0 auid=4294967295 ses=4294967295
Aug  1 11:07:49 localhost kernel: type=1403 audit(1533110866.724:3): policy loaded auid=4294967295 ses=4294967295
Aug  1 11:07:49 localhost systemd[1]: Successfully loaded SELinux policy in 439.104ms.
Aug  1 11:07:49 localhost kernel: ip_tables: (C) 2000-2006 Netfilter Core Team
Aug  1 11:07:49 localhost systemd[1]: Inserted module 'ip_tables'
Aug  1 11:07:49 localhost systemd[1]: Relabelled /dev and /run in 80.691ms.
Aug  1 11:07:49 localhost journal: Journal started
Aug  1 11:07:49 localhost systemd: systemd 219 running in system mode. (+PAM +AUDIT +SELINUX +IMA -APPARMOR +SMACK +SYSVINIT +UTMP +LIBCRYPTSETUP +GCRYPT +GNUTLS +ACL +XZ +LZ4 -SECCOMP +BLKID +ELFUTILS +KMOD +IDN)
Aug  1 11:07:49 localhost systemd: Detected virtualization kvm.
Aug  1 11:07:49 localhost systemd: Detected architecture x86-64.
Aug  1 11:07:49 localhost systemd: Set hostname to <localhost.localdomain>.
Aug  1 11:07:49 localhost systemd: Starting Flush Journal to Persistent Storage...
Aug  1 11:07:49 localhost systemd: Started Read and set NIS domainname from /etc/sysconfig/network.
Aug  1 11:07:49 localhost systemd: Started Load/Save Random Seed.
Aug  1 11:07:49 localhost systemd: Started Flush Journal to Persistent Storage.
Aug  1 11:07:49 localhost systemd: Started Create Static Device Nodes in /dev.
Aug  1 11:07:49 localhost systemd: Starting udev Kernel Device Manager...
Aug  1 11:07:49 localhost systemd: Reached target Local File Systems (Pre).
Aug  1 11:07:50 localhost systemd: Starting Local File Systems (Pre).
Aug  1 11:07:50 localhost systemd-udevd: starting version 219
Aug  1 11:07:50 localhost systemd: Started Configure read-only root support.
Aug  1 11:07:50 localhost systemd: Started udev Kernel Device Manager.
Aug  1 11:07:52 localhost systemd: Started Rebuild Hardware Database.
Aug  1 11:07:52 localhost systemd: Starting udev Coldplug all Devices...
Aug  1 11:07:53 localhost kernel: ACPI: Video Device [GFX0] (multi-head: yes  rom: no  post: no)
Aug  1 11:07:53 localhost kernel: input: Video Bus as /devices/LNXSYSTM:00/device:00/PNP0A03:00/LNXVIDEO:00/input/input4
Aug  1 11:07:53 localhost systemd: Started udev Coldplug all Devices.
Aug  1 11:07:53 localhost kernel: input: PC Speaker as /devices/platform/pcspkr/input/input5
Aug  1 11:07:53 localhost kernel: piix4_smbus 0000:00:07.0: SMBus Host Controller at 0x4100, revision 0
Aug  1 11:07:53 localhost kernel: sr 1:0:0:0: Attached scsi generic sg0 type 5
Aug  1 11:07:53 localhost kernel: sd 2:0:0:0: Attached scsi generic sg1 type 0
Aug  1 11:07:53 localhost kernel: sd 3:0:0:0: Attached scsi generic sg2 type 0
Aug  1 11:07:53 localhost kernel: cryptd: max_cpu_qlen set to 100
Aug  1 11:07:54 localhost kernel: ppdev: user-space parallel port driver
Aug  1 11:07:54 localhost systemd: Found device /dev/disk/by-uuid/f5470168-d8fa-4d0c-8f64-495f7828e8c9.
Aug  1 11:07:54 localhost systemd: Found device /dev/disk/by-uuid/dfb1f397-6e40-4b26-bb62-08cf06ebbec1.
Aug  1 11:07:54 localhost systemd: Activating swap /dev/disk/by-uuid/dfb1f397-6e40-4b26-bb62-08cf06ebbec1...
Aug  1 11:07:54 localhost systemd: Mounting /boot...
Aug  1 11:07:54 localhost kernel: XFS (md126): Mounting V5 Filesystem
Aug  1 11:07:54 localhost kernel: Adding 2096124k swap on /dev/md127.  Priority:-1 extents:1 across:2096124k FS
Aug  1 11:07:54 localhost systemd: Activated swap /dev/disk/by-uuid/dfb1f397-6e40-4b26-bb62-08cf06ebbec1.
Aug  1 11:07:55 localhost systemd: Reached target Swap.
Aug  1 11:07:55 localhost systemd: Starting Swap.
Aug  1 11:07:56 localhost kernel: floppy0: no floppy controllers found
Aug  1 11:07:56 localhost kernel: work still pending
Aug  1 11:08:04 localhost kernel: snd_intel8x0 0000:00:05.0: white list rate for 1028:0177 is 48000
Aug  1 11:08:04 localhost systemd: Reached target Sound Card.
Aug  1 11:08:04 localhost systemd: Starting Sound Card.
Aug  1 11:08:04 localhost kernel: XFS (md126): Ending clean mount
Aug  1 11:08:04 localhost systemd: Mounted /boot.
Aug  1 11:08:04 localhost systemd: Reached target Local File Systems.
Aug  1 11:08:04 localhost systemd: Starting Local File Systems.
Aug  1 11:08:04 localhost systemd: Starting Tell Plymouth To Write Out Runtime Data...
Aug  1 11:08:04 localhost systemd: Starting Migrate local SELinux policy changes from the old store structure to the new structure...
Aug  1 11:08:04 localhost systemd: Starting Import network configuration from initramfs...
Aug  1 11:08:04 localhost systemd: Starting Rebuild Journal Catalog...
Aug  1 11:08:04 localhost systemd: Started Tell Plymouth To Write Out Runtime Data.
Aug  1 11:08:05 localhost systemd: Started Migrate local SELinux policy changes from the old store structure to the new structure.
Aug  1 11:08:05 localhost systemd: Started Rebuild Journal Catalog.
Aug  1 11:08:05 localhost systemd: Starting Update is Completed...
Aug  1 11:08:05 localhost systemd: Started Update is Completed.
Aug  1 11:08:05 localhost systemd: Started Import network configuration from initramfs.
Aug  1 11:08:05 localhost systemd: Starting Create Volatile Files and Directories...
Aug  1 11:08:05 localhost systemd: Started Create Volatile Files and Directories.
Aug  1 11:08:05 localhost systemd: Starting Security Auditing Service...
Aug  1 11:08:06 localhost auditd[612]: Started dispatcher: /sbin/audispd pid: 614
Aug  1 11:08:06 localhost kernel: type=1305 audit(1533110886.141:4): audit_pid=612 old=0 auid=4294967295 ses=4294967295 subj=system_u:system_r:auditd_t:s0 res=1
Aug  1 11:08:06 localhost auditd[612]: Init complete, auditd 2.8.1 listening for events (startup state enable)
Aug  1 11:08:06 localhost audispd: No plugins found, exiting
Aug  1 11:08:06 localhost auditd[612]: dispatcher 614 reaped
Aug  1 11:08:06 localhost augenrules: No rules
Aug  1 11:08:06 localhost augenrules: enabled 1
Aug  1 11:08:06 localhost augenrules: failure 1
Aug  1 11:08:06 localhost augenrules: pid 612
Aug  1 11:08:06 localhost augenrules: rate_limit 0
Aug  1 11:08:06 localhost augenrules: backlog_limit 8192
Aug  1 11:08:06 localhost augenrules: lost 0
Aug  1 11:08:06 localhost augenrules: backlog 1
Aug  1 11:08:06 localhost augenrules: enabled 1
Aug  1 11:08:06 localhost augenrules: failure 1
Aug  1 11:08:06 localhost augenrules: pid 612
Aug  1 11:08:06 localhost augenrules: rate_limit 0
Aug  1 11:08:06 localhost augenrules: backlog_limit 8192
Aug  1 11:08:06 localhost augenrules: lost 0
Aug  1 11:08:06 localhost augenrules: backlog 1
Aug  1 11:08:06 localhost systemd: Started Security Auditing Service.
Aug  1 11:08:06 localhost systemd: Starting Update UTMP about System Boot/Shutdown...
Aug  1 11:08:06 localhost systemd: Started Update UTMP about System Boot/Shutdown.
Aug  1 11:08:06 localhost systemd: Reached target System Initialization.
Aug  1 11:08:06 localhost systemd: Starting System Initialization.
Aug  1 11:08:06 localhost systemd: Started Daily Cleanup of Temporary Directories.
Aug  1 11:08:06 localhost systemd: Starting Daily Cleanup of Temporary Directories.
Aug  1 11:08:06 localhost systemd: Reached target Timers.
Aug  1 11:08:06 localhost systemd: Starting Timers.
Aug  1 11:08:06 localhost systemd: Listening on D-Bus System Message Bus Socket.
Aug  1 11:08:06 localhost systemd: Starting D-Bus System Message Bus Socket.
Aug  1 11:08:06 localhost systemd: Reached target Sockets.
Aug  1 11:08:06 localhost systemd: Starting Sockets.
Aug  1 11:08:06 localhost systemd: Reached target Basic System.
Aug  1 11:08:06 localhost systemd: Starting Basic System.
Aug  1 11:08:06 localhost systemd: Started D-Bus System Message Bus.
Aug  1 11:08:07 localhost systemd: Starting D-Bus System Message Bus...
Aug  1 11:08:07 localhost systemd: Started irqbalance daemon.
Aug  1 11:08:07 localhost systemd: Starting irqbalance daemon...
Aug  1 11:08:07 localhost systemd: Starting Authorization Manager...
Aug  1 11:08:07 localhost systemd: Starting NTP client/server...
Aug  1 11:08:07 localhost systemd: Starting OpenSSH Server Key Generation...
Aug  1 11:08:07 localhost systemd: Starting Software RAID monitoring and management...
Aug  1 11:08:07 localhost systemd: Starting Permit User Sessions...
Aug  1 11:08:07 localhost systemd: Starting Dump dmesg to /var/log/dmesg...
Aug  1 11:08:07 localhost systemd: Starting Login Service...
Aug  1 11:08:07 localhost /usr/sbin/irqbalance: Balancing is ineffective on systems with a single cpu.  Shutting down
Aug  1 11:08:07 localhost systemd: Started Software RAID monitoring and management.
Aug  1 11:08:07 localhost systemd: Started Permit User Sessions.
Aug  1 11:08:07 localhost systemd: Started Command Scheduler.
Aug  1 11:08:07 localhost systemd: Starting Command Scheduler...
Aug  1 11:08:07 localhost systemd: Starting Wait for Plymouth Boot Screen to Quit...
Aug  1 11:08:07 localhost systemd: Starting Terminate Plymouth Boot Screen...
Aug  1 11:08:07 localhost systemd: Started Dump dmesg to /var/log/dmesg.
Aug  1 11:08:07 localhost systemd-logind: Watching system buttons on /dev/input/event0 (Power Button)
Aug  1 11:08:07 localhost systemd-logind: Watching system buttons on /dev/input/event1 (Sleep Button)
Aug  1 11:08:07 localhost systemd-logind: Watching system buttons on /dev/input/event4 (Video Bus)
Aug  1 11:08:07 localhost systemd: Started Login Service.
Aug  1 11:08:07 localhost systemd-logind: New seat seat0.
Aug  1 11:08:07 localhost chronyd[670]: chronyd version 3.2 starting (+CMDMON +NTP +REFCLOCK +RTC +PRIVDROP +SCFILTER +SECHASH +SIGND +ASYNCDNS +IPV6 +DEBUG)
Aug  1 11:08:08 localhost systemd: Received SIGRTMIN+21 from PID 258 (plymouthd).
Aug  1 11:08:08 localhost systemd: Started Terminate Plymouth Boot Screen.
Aug  1 11:08:08 localhost systemd: Started Wait for Plymouth Boot Screen to Quit.
Aug  1 11:08:08 localhost systemd: Started Getty on tty1.
Aug  1 11:08:08 localhost systemd: Starting Getty on tty1...
Aug  1 11:08:08 localhost systemd: Reached target Login Prompts.
Aug  1 11:08:08 localhost systemd: Starting Login Prompts.
Aug  1 11:08:08 localhost systemd: Started NTP client/server.
Aug  1 11:08:08 localhost polkitd[640]: Started polkitd version 0.112
Aug  1 11:08:09 localhost systemd: Started Authorization Manager.
Aug  1 11:08:09 localhost systemd: Starting firewalld - dynamic firewall daemon...
Aug  1 11:08:10 localhost sshd-keygen: Generating SSH2 RSA host key: [  OK  ]
Aug  1 11:08:10 localhost sshd-keygen: Generating SSH2 ECDSA host key: [  OK  ]
Aug  1 11:08:10 localhost sshd-keygen: Generating SSH2 ED25519 host key: [  OK  ]
Aug  1 11:08:10 localhost systemd: Started OpenSSH Server Key Generation.
Aug  1 11:08:13 localhost systemd: Started firewalld - dynamic firewall daemon.
Aug  1 11:08:13 localhost systemd: Reached target Network (Pre).
Aug  1 11:08:13 localhost systemd: Starting Network (Pre).
Aug  1 11:08:13 localhost systemd: Starting Network Manager...
Aug  1 11:08:14 localhost kernel: ip6_tables: (C) 2000-2006 Netfilter Core Team
Aug  1 11:08:14 localhost NetworkManager[708]: <info>  [1533110894.7755] NetworkManager (version 1.10.2-13.el7) is starting... (for the first time)
Aug  1 11:08:14 localhost NetworkManager[708]: <info>  [1533110894.7835] Read config: /etc/NetworkManager/NetworkManager.conf (lib: 10-slaves-order.conf)
Aug  1 11:08:15 localhost kernel: Ebtables v2.0 registered
Aug  1 11:08:15 localhost NetworkManager[708]: <info>  [1533110895.0159] manager[0x562566f910e0]: monitoring kernel firmware directory '/lib/firmware'.
Aug  1 11:08:15 localhost dbus[637]: [system] Activating via systemd: service name='org.freedesktop.hostname1' unit='dbus-org.freedesktop.hostname1.service'
Aug  1 11:08:15 localhost systemd: Starting Hostname Service...
Aug  1 11:08:15 localhost dbus[637]: [system] Successfully activated service 'org.freedesktop.hostname1'
Aug  1 11:08:15 localhost systemd: Started Hostname Service.
Aug  1 11:08:15 localhost NetworkManager[708]: <info>  [1533110895.3837] hostname: hostname: using hostnamed
Aug  1 11:08:15 localhost NetworkManager[708]: <info>  [1533110895.3841] hostname: hostname changed from (none) to "localhost.localdomain"
Aug  1 11:08:15 localhost NetworkManager[708]: <info>  [1533110895.3850] dns-mgr[0x562566fa3930]: init: dns=default, rc-manager=file
Aug  1 11:08:15 localhost systemd: Started Network Manager.
Aug  1 11:08:15 localhost systemd: Starting Network Manager Wait Online...
Aug  1 11:08:15 localhost dbus[637]: [system] Activating via systemd: service name='org.freedesktop.nm_dispatcher' unit='dbus-org.freedesktop.nm-dispatcher.service'
Aug  1 11:08:15 localhost systemd: Starting Network Manager Script Dispatcher Service...
Aug  1 11:08:15 localhost kernel: nf_conntrack version 0.5.0 (7933 buckets, 31732 max)
Aug  1 11:08:15 localhost dbus[637]: [system] Successfully activated service 'org.freedesktop.nm_dispatcher'
Aug  1 11:08:15 localhost systemd: Started Network Manager Script Dispatcher Service.
Aug  1 11:08:15 localhost NetworkManager[708]: <info>  [1533110895.6917] settings: loaded plugin ifcfg-rh: (c) 2007 - 2015 Red Hat, Inc.  To report bugs please use the NetworkManager mailing list. (/usr/lib64/NetworkManager/libnm-settings-plugin-ifcfg-rh.so)
Aug  1 11:08:15 localhost NetworkManager[708]: <info>  [1533110895.6958] settings: loaded plugin iBFT: (c) 2014 Red Hat, Inc.  To report bugs please use the NetworkManager mailing list. (/usr/lib64/NetworkManager/libnm-settings-plugin-ibft.so)
Aug  1 11:08:15 localhost NetworkManager[708]: <info>  [1533110895.6968] settings: loaded plugin keyfile: (c) 2007 - 2016 Red Hat, Inc.  To report bugs please use the NetworkManager mailing list.
Aug  1 11:08:15 localhost NetworkManager[708]: <info>  [1533110895.7089] ifcfg-rh: new connection /etc/sysconfig/network-scripts/ifcfg-enp0s3 (a9473313-eaa9-4e40-ab70-160657e6a27f,"enp0s3")
Aug  1 11:08:15 localhost NetworkManager[708]: <info>  [1533110895.7212] manager: rfkill: WiFi enabled by radio killswitch; enabled by state file
Aug  1 11:08:15 localhost NetworkManager[708]: <info>  [1533110895.7220] manager: rfkill: WWAN enabled by radio killswitch; enabled by state file
Aug  1 11:08:15 localhost NetworkManager[708]: <info>  [1533110895.7220] manager: Networking is enabled by state file
Aug  1 11:08:15 localhost nm-dispatcher: req:1 'hostname': new request (3 scripts)
Aug  1 11:08:15 localhost nm-dispatcher: req:1 'hostname': start running ordered scripts...
Aug  1 11:08:15 localhost NetworkManager[708]: <info>  [1533110895.7281] dhcp-init: Using DHCP client 'dhclient'
Aug  1 11:08:15 localhost NetworkManager[708]: <info>  [1533110895.7513] Loaded device plugin: NMBondDeviceFactory (internal)
Aug  1 11:08:15 localhost NetworkManager[708]: <info>  [1533110895.7514] Loaded device plugin: NMBridgeDeviceFactory (internal)
Aug  1 11:08:15 localhost NetworkManager[708]: <info>  [1533110895.7515] Loaded device plugin: NMDummyDeviceFactory (internal)
Aug  1 11:08:15 localhost NetworkManager[708]: <info>  [1533110895.7516] Loaded device plugin: NMEthernetDeviceFactory (internal)
Aug  1 11:08:15 localhost NetworkManager[708]: <info>  [1533110895.7516] Loaded device plugin: NMInfinibandDeviceFactory (internal)
Aug  1 11:08:15 localhost NetworkManager[708]: <info>  [1533110895.7516] Loaded device plugin: NMIPTunnelDeviceFactory (internal)
Aug  1 11:08:15 localhost NetworkManager[708]: <info>  [1533110895.7517] Loaded device plugin: NMMacsecDeviceFactory (internal)
Aug  1 11:08:15 localhost NetworkManager[708]: <info>  [1533110895.7517] Loaded device plugin: NMMacvlanDeviceFactory (internal)
Aug  1 11:08:15 localhost NetworkManager[708]: <info>  [1533110895.7518] Loaded device plugin: NMPppDeviceFactory (internal)
Aug  1 11:08:15 localhost NetworkManager[708]: <info>  [1533110895.7518] Loaded device plugin: NMTunDeviceFactory (internal)
Aug  1 11:08:15 localhost NetworkManager[708]: <info>  [1533110895.7519] Loaded device plugin: NMVethDeviceFactory (internal)
Aug  1 11:08:15 localhost NetworkManager[708]: <info>  [1533110895.7519] Loaded device plugin: NMVlanDeviceFactory (internal)
Aug  1 11:08:15 localhost NetworkManager[708]: <info>  [1533110895.7520] Loaded device plugin: NMVxlanDeviceFactory (internal)
Aug  1 11:08:15 localhost NetworkManager[708]: <info>  [1533110895.7813] Loaded device plugin: NMWifiFactory (/usr/lib64/NetworkManager/libnm-device-plugin-wifi.so)
Aug  1 11:08:15 localhost NetworkManager[708]: <info>  [1533110895.8039] Loaded device plugin: NMTeamFactory (/usr/lib64/NetworkManager/libnm-device-plugin-team.so)
Aug  1 11:08:15 localhost NetworkManager[708]: <info>  [1533110895.8245] device (lo): carrier: link connected
Aug  1 11:08:15 localhost NetworkManager[708]: <info>  [1533110895.8375] manager: (lo): new Generic device (/org/freedesktop/NetworkManager/Devices/1)
Aug  1 11:08:15 localhost NetworkManager[708]: <info>  [1533110895.8742] manager: (enp0s3): new Ethernet device (/org/freedesktop/NetworkManager/Devices/2)
Aug  1 11:08:15 localhost NetworkManager[708]: <info>  [1533110895.8957] device (enp0s3): state change: unmanaged -> unavailable (reason 'managed', sys-iface-state: 'external')
Aug  1 11:08:15 localhost kernel: IPv6: ADDRCONF(NETDEV_UP): enp0s3: link is not ready
Aug  1 11:08:15 localhost kernel: e1000: enp0s3 NIC Link is Up 1000 Mbps Full Duplex, Flow Control: RX
Aug  1 11:08:15 localhost kernel: IPv6: ADDRCONF(NETDEV_UP): enp0s3: link is not ready
Aug  1 11:08:15 localhost kernel: IPv6: ADDRCONF(NETDEV_CHANGE): enp0s3: link becomes ready
Aug  1 11:08:15 localhost NetworkManager[708]: <info>  [1533110895.9189] device (enp0s3): carrier: link connected
Aug  1 11:08:16 localhost NetworkManager[708]: <info>  [1533110896.0359] device (enp0s3): state change: unavailable -> disconnected (reason 'none', sys-iface-state: 'managed')
Aug  1 11:08:16 localhost NetworkManager[708]: <info>  [1533110896.0715] policy: auto-activating connection 'enp0s3'
Aug  1 11:08:16 localhost NetworkManager[708]: <info>  [1533110896.0850] device (enp0s3): Activation: starting connection 'enp0s3' (a9473313-eaa9-4e40-ab70-160657e6a27f)
Aug  1 11:08:16 localhost NetworkManager[708]: <info>  [1533110896.0879] device (enp0s3): state change: disconnected -> prepare (reason 'none', sys-iface-state: 'managed')
Aug  1 11:08:16 localhost NetworkManager[708]: <info>  [1533110896.0913] manager: NetworkManager state is now CONNECTING
Aug  1 11:08:16 localhost NetworkManager[708]: <info>  [1533110896.0989] device (enp0s3): state change: prepare -> config (reason 'none', sys-iface-state: 'managed')
Aug  1 11:08:16 localhost kernel: bridge: filtering via arp/ip/ip6tables is no longer available by default. Update your scripts to load br_netfilter if you need this.
Aug  1 11:08:16 localhost kernel: Netfilter messages via NETLINK v0.30.
Aug  1 11:08:16 localhost kernel: ip_set: protocol 6
Aug  1 11:08:18 localhost NetworkManager[708]: <info>  [1533110898.6459] device (enp0s3): state change: config -> ip-config (reason 'none', sys-iface-state: 'managed')
Aug  1 11:08:18 localhost NetworkManager[708]: <info>  [1533110898.6520] dhcp4 (enp0s3): activation: beginning transaction (timeout in 45 seconds)
Aug  1 11:08:18 localhost NetworkManager[708]: <info>  [1533110898.7526] dhcp4 (enp0s3): dhclient started with pid 848
Aug  1 11:08:19 localhost dhclient[848]: DHCPDISCOVER on enp0s3 to 255.255.255.255 port 67 interval 4 (xid=0x45a1117b)
Aug  1 11:08:19 localhost dhclient[848]: DHCPREQUEST on enp0s3 to 255.255.255.255 port 67 (xid=0x45a1117b)
Aug  1 11:08:19 localhost dhclient[848]: DHCPOFFER from 10.0.2.2
Aug  1 11:08:19 localhost dhclient[848]: DHCPACK from 10.0.2.2 (xid=0x45a1117b)
Aug  1 11:08:19 localhost NetworkManager[708]: <info>  [1533110899.0273] dhcp4 (enp0s3):   address 10.0.2.15
Aug  1 11:08:19 localhost NetworkManager[708]: <info>  [1533110899.0281] dhcp4 (enp0s3):   plen 24 (255.255.255.0)
Aug  1 11:08:19 localhost NetworkManager[708]: <info>  [1533110899.0281] dhcp4 (enp0s3):   gateway 10.0.2.2
Aug  1 11:08:19 localhost NetworkManager[708]: <info>  [1533110899.0282] dhcp4 (enp0s3):   lease time 86400
Aug  1 11:08:19 localhost NetworkManager[708]: <info>  [1533110899.0282] dhcp4 (enp0s3):   nameserver '172.16.77.111'
Aug  1 11:08:19 localhost NetworkManager[708]: <info>  [1533110899.0283] dhcp4 (enp0s3):   nameserver '172.16.77.115'
Aug  1 11:08:19 localhost NetworkManager[708]: <info>  [1533110899.0284] dhcp4 (enp0s3):   nameserver '172.16.77.11'
Aug  1 11:08:19 localhost NetworkManager[708]: <info>  [1533110899.0284] dhcp4 (enp0s3):   nameserver '172.16.77.10'
Aug  1 11:08:19 localhost NetworkManager[708]: <info>  [1533110899.0284] dhcp4 (enp0s3):   domain name 'icom.icominvest.ru'
Aug  1 11:08:19 localhost NetworkManager[708]: <info>  [1533110899.0284] dhcp4 (enp0s3): state changed unknown -> bound
Aug  1 11:08:19 localhost NetworkManager[708]: <info>  [1533110899.0384] device (enp0s3): state change: ip-config -> ip-check (reason 'none', sys-iface-state: 'managed')
Aug  1 11:08:19 localhost dhclient[848]: bound to 10.0.2.15 -- renewal in 37444 seconds.
Aug  1 11:08:19 localhost NetworkManager[708]: <info>  [1533110899.0531] device (enp0s3): state change: ip-check -> secondaries (reason 'none', sys-iface-state: 'managed')
Aug  1 11:08:19 localhost NetworkManager[708]: <info>  [1533110899.0564] device (enp0s3): state change: secondaries -> activated (reason 'none', sys-iface-state: 'managed')
Aug  1 11:08:19 localhost NetworkManager[708]: <info>  [1533110899.0592] manager: NetworkManager state is now CONNECTED_LOCAL
Aug  1 11:08:19 localhost NetworkManager[708]: <info>  [1533110899.0620] manager: NetworkManager state is now CONNECTED_SITE
Aug  1 11:08:19 localhost NetworkManager[708]: <info>  [1533110899.0628] policy: set 'enp0s3' (enp0s3) as default for IPv4 routing and DNS
Aug  1 11:08:19 localhost NetworkManager[708]: <info>  [1533110899.1174] device (enp0s3): Activation: successful, device activated.
Aug  1 11:08:19 localhost nm-dispatcher: req:2 'up' [enp0s3]: new request (3 scripts)
Aug  1 11:08:19 localhost nm-dispatcher: req:2 'up' [enp0s3]: start running ordered scripts...
Aug  1 11:08:19 localhost NetworkManager[708]: <info>  [1533110899.1251] manager: startup complete
Aug  1 11:08:19 localhost NetworkManager[708]: <info>  [1533110899.1601] manager: NetworkManager state is now CONNECTED_GLOBAL
Aug  1 11:08:19 localhost nm-dispatcher: req:3 'connectivity-change': new request (3 scripts)
Aug  1 11:08:19 localhost systemd: Started Network Manager Wait Online.
Aug  1 11:08:19 localhost systemd: Starting LSB: Bring up/down networking...
Aug  1 11:08:19 localhost nm-dispatcher: req:3 'connectivity-change': start running ordered scripts...
Aug  1 11:08:20 localhost network: Активируется интерфейс loopback:  [  OK  ]
Aug  1 11:08:21 localhost network: Активируется интерфейс enp0s3:  [  OK  ]
Aug  1 11:08:21 localhost systemd: Started LSB: Bring up/down networking.
Aug  1 11:08:21 localhost systemd: Reached target Network.
Aug  1 11:08:21 localhost systemd: Starting Network.
Aug  1 11:08:21 localhost systemd: Starting OpenSSH server daemon...
Aug  1 11:08:21 localhost systemd: Starting Postfix Mail Transport Agent...
Aug  1 11:08:21 localhost systemd: Starting Dynamic System Tuning Daemon...
Aug  1 11:08:21 localhost systemd: Reached target Network is Online.
Aug  1 11:08:21 localhost systemd: Starting Network is Online.
Aug  1 11:08:21 localhost systemd: Starting System Logging Service...
Aug  1 11:08:21 localhost systemd: Starting Crash recovery kernel arming...
Aug  1 11:08:21 localhost systemd: Started OpenSSH server daemon.
Aug  1 11:08:21 localhost kdumpctl: No memory reserved for crash kernel
Aug  1 11:08:21 localhost kdumpctl: Starting kdump: [FAILED]
Aug  1 11:08:21 localhost systemd: kdump.service: main process exited, code=exited, status=1/FAILURE
Aug  1 11:08:21 localhost systemd: Failed to start Crash recovery kernel arming.
Aug  1 11:08:21 localhost systemd: Unit kdump.service entered failed state.
Aug  1 11:08:21 localhost systemd: kdump.service failed.
Aug  1 11:08:21 localhost rsyslogd: [origin software="rsyslogd" swVersion="8.24.0" x-pid="1046" x-info="http://www.rsyslog.com"] start
Aug  1 11:08:21 localhost systemd: Started System Logging Service.
Aug  1 11:08:24 localhost chronyd[670]: Selected source 77.37.134.150
Aug  1 11:08:24 localhost systemd: Started Dynamic System Tuning Daemon.
Aug  1 11:08:25 localhost systemd: Started Postfix Mail Transport Agent.
Aug  1 11:08:25 localhost systemd: Reached target Multi-User System.
Aug  1 11:08:25 localhost systemd: Starting Multi-User System.
Aug  1 11:08:25 localhost systemd: Starting Update UTMP about System Runlevel Changes...
Aug  1 11:08:25 localhost systemd: Started Update UTMP about System Runlevel Changes.
Aug  1 11:08:25 localhost systemd: Startup finished in 2.474s (kernel) + 8.752s (initrd) + 38.770s (userspace) = 49.997s.
Aug  1 11:09:18 localhost systemd-logind: Power key pressed.
Aug  1 11:09:18 localhost systemd-logind: Powering Off...
Aug  1 11:09:18 localhost systemd-logind: System is powering down.
Aug  1 11:09:18 localhost systemd: Stopped target Timers.
Aug  1 11:09:18 localhost systemd: Stopping Timers.
Aug  1 11:09:18 localhost systemd: Stopped Dump dmesg to /var/log/dmesg.
Aug  1 11:09:18 localhost systemd: Stopping Dump dmesg to /var/log/dmesg...
Aug  1 11:09:18 localhost systemd: Stopped target Multi-User System.
Aug  1 11:09:18 localhost systemd: Stopping Multi-User System.
Aug  1 11:09:18 localhost systemd: Stopping NTP client/server...
Aug  1 11:09:18 localhost systemd: Stopping Command Scheduler...
Aug  1 11:09:18 localhost systemd: Stopped target Login Prompts.
Aug  1 11:09:18 localhost systemd: Stopping Login Prompts.
Aug  1 11:09:18 localhost systemd: Stopping Getty on tty1...
Aug  1 11:09:18 localhost systemd: Stopping Software RAID monitoring and management...
Aug  1 11:09:18 localhost systemd: Stopped target Sound Card.
Aug  1 11:09:18 localhost systemd: Stopping Sound Card.
Aug  1 11:09:18 localhost systemd: Stopping OpenSSH server daemon...
Aug  1 11:09:18 localhost chronyd[670]: chronyd exiting
Aug  1 11:58:38 localhost kernel: Initializing cgroup subsys cpuset
Aug  1 11:58:38 localhost kernel: Initializing cgroup subsys cpu
Aug  1 11:58:38 localhost kernel: Initializing cgroup subsys cpuacct
Aug  1 11:58:38 localhost kernel: Linux version 3.10.0-862.el7.x86_64 (builder@kbuilder.dev.centos.org) (gcc version 4.8.5 20150623 (Red Hat 4.8.5-28) (GCC) ) #1 SMP Fri Apr 20 16:44:24 UTC 2018
Aug  1 11:58:38 localhost kernel: Command line: BOOT_IMAGE=/vmlinuz-3.10.0-862.el7.x86_64 root=UUID=040dfccb-203d-4d47-abc8-bb56eadb2aa6 ro crashkernel=auto rd.md.uuid=cd3646e4:08f7114c:1411039c:606122e8 rd.md.uuid=1abd53e1:800812ab:4861d617:d12ddcaf rd.md.uuid=60447cd7:b28fa9d6:6322220b:9a8076da rhgb quiet LANG=ru_RU.UTF-8
Aug  1 11:58:38 localhost kernel: e820: BIOS-provided physical RAM map:
Aug  1 11:58:38 localhost kernel: BIOS-e820: [mem 0x0000000000000000-0x000000000009fbff] usable
Aug  1 11:58:38 localhost kernel: BIOS-e820: [mem 0x000000000009fc00-0x000000000009ffff] reserved
Aug  1 11:58:38 localhost kernel: BIOS-e820: [mem 0x00000000000f0000-0x00000000000fffff] reserved
Aug  1 11:58:38 localhost kernel: BIOS-e820: [mem 0x0000000000100000-0x000000003ffeffff] usable
Aug  1 11:58:38 localhost kernel: BIOS-e820: [mem 0x000000003fff0000-0x000000003fffffff] ACPI data
Aug  1 11:58:38 localhost kernel: BIOS-e820: [mem 0x00000000fec00000-0x00000000fec00fff] reserved
Aug  1 11:58:38 localhost kernel: BIOS-e820: [mem 0x00000000fee00000-0x00000000fee00fff] reserved
Aug  1 11:58:38 localhost kernel: BIOS-e820: [mem 0x00000000fffc0000-0x00000000ffffffff] reserved
Aug  1 11:58:38 localhost kernel: NX (Execute Disable) protection: active
Aug  1 11:58:38 localhost kernel: SMBIOS 2.5 present.
Aug  1 11:58:38 localhost kernel: Hypervisor detected: KVM
Aug  1 11:58:38 localhost kernel: e820: last_pfn = 0x3fff0 max_arch_pfn = 0x400000000
Aug  1 11:58:38 localhost kernel: PAT configuration [0-7]: WB  WC  UC- UC  WB  WP  UC- UC  
Aug  1 11:58:38 localhost kernel: CPU MTRRs all blank - virtualized system.
Aug  1 11:58:38 localhost kernel: found SMP MP-table at [mem 0x0009fff0-0x0009ffff] mapped at [ffffffffff200ff0]
Aug  1 11:58:38 localhost kernel: RAMDISK: [mem 0x35acd000-0x36d5efff]
Aug  1 11:58:38 localhost kernel: Early table checksum verification disabled
Aug  1 11:58:38 localhost kernel: ACPI: RSDP 00000000000e0000 00024 (v02 VBOX  )
Aug  1 11:58:38 localhost kernel: ACPI: XSDT 000000003fff0030 0003C (v01 VBOX   VBOXXSDT 00000001 ASL  00000061)
Aug  1 11:58:38 localhost kernel: ACPI: FACP 000000003fff00f0 000F4 (v04 VBOX   VBOXFACP 00000001 ASL  00000061)
Aug  1 11:58:38 localhost kernel: ACPI: DSDT 000000003fff0470 021FF (v02 VBOX   VBOXBIOS 00000002 INTL 20100528)
Aug  1 11:58:38 localhost kernel: ACPI: FACS 000000003fff0200 00040
Aug  1 11:58:38 localhost kernel: ACPI: APIC 000000003fff0240 00054 (v02 VBOX   VBOXAPIC 00000001 ASL  00000061)
Aug  1 11:58:38 localhost kernel: ACPI: SSDT 000000003fff02a0 001CC (v01 VBOX   VBOXCPUT 00000002 INTL 20100528)
Aug  1 11:58:38 localhost kernel: No NUMA configuration found
Aug  1 11:58:38 localhost kernel: Faking a node at [mem 0x0000000000000000-0x000000003ffeffff]
Aug  1 11:58:38 localhost kernel: NODE_DATA(0) allocated [mem 0x3ffc9000-0x3ffeffff]
Aug  1 11:58:38 localhost kernel: crashkernel=auto resulted in zero bytes of reserved memory.
Aug  1 11:58:38 localhost kernel: kvm-clock: Using msrs 4b564d01 and 4b564d00
Aug  1 11:58:38 localhost kernel: kvm-clock: cpu 0, msr 0:3ff79001, primary cpu clock
Aug  1 11:58:38 localhost kernel: kvm-clock: using sched offset of 11760805879 cycles
Aug  1 11:58:38 localhost kernel: Zone ranges:
Aug  1 11:58:38 localhost kernel:  DMA      [mem 0x00001000-0x00ffffff]
Aug  1 11:58:38 localhost kernel:  DMA32    [mem 0x01000000-0xffffffff]
Aug  1 11:58:38 localhost kernel:  Normal   empty
Aug  1 11:58:38 localhost kernel: Movable zone start for each node
Aug  1 11:58:38 localhost kernel: Early memory node ranges
Aug  1 11:58:38 localhost kernel:  node   0: [mem 0x00001000-0x0009efff]
Aug  1 11:58:38 localhost kernel:  node   0: [mem 0x00100000-0x3ffeffff]
Aug  1 11:58:38 localhost kernel: Initmem setup node 0 [mem 0x00001000-0x3ffeffff]
Aug  1 11:58:38 localhost kernel: ACPI: PM-Timer IO Port: 0x4008
Aug  1 11:58:38 localhost kernel: ACPI: LAPIC (acpi_id[0x00] lapic_id[0x00] enabled)
Aug  1 11:58:38 localhost kernel: ACPI: IOAPIC (id[0x01] address[0xfec00000] gsi_base[0])
Aug  1 11:58:38 localhost kernel: IOAPIC[0]: apic_id 1, version 32, address 0xfec00000, GSI 0-23
Aug  1 11:58:38 localhost kernel: ACPI: INT_SRC_OVR (bus 0 bus_irq 0 global_irq 2 dfl dfl)
Aug  1 11:58:38 localhost kernel: ACPI: INT_SRC_OVR (bus 0 bus_irq 9 global_irq 9 low level)
Aug  1 11:58:38 localhost kernel: Using ACPI (MADT) for SMP configuration information
Aug  1 11:58:38 localhost kernel: smpboot: Allowing 1 CPUs, 0 hotplug CPUs
Aug  1 11:58:38 localhost kernel: PM: Registered nosave memory: [mem 0x0009f000-0x0009ffff]
Aug  1 11:58:38 localhost kernel: PM: Registered nosave memory: [mem 0x000a0000-0x000effff]
Aug  1 11:58:38 localhost kernel: PM: Registered nosave memory: [mem 0x000f0000-0x000fffff]
Aug  1 11:58:38 localhost kernel: e820: [mem 0x40000000-0xfebfffff] available for PCI devices
Aug  1 11:58:38 localhost kernel: Booting paravirtualized kernel on KVM
Aug  1 11:58:38 localhost kernel: setup_percpu: NR_CPUS:5120 nr_cpumask_bits:1 nr_cpu_ids:1 nr_node_ids:1
Aug  1 11:58:38 localhost kernel: PERCPU: Embedded 35 pages/cpu @ffff9f117fc00000 s104856 r8192 d30312 u2097152
Aug  1 11:58:38 localhost kernel: PV qspinlock hash table entries: 256 (order: 0, 4096 bytes)
Aug  1 11:58:38 localhost kernel: Built 1 zonelists in Node order, mobility grouping on.  Total pages: 257913
Aug  1 11:58:38 localhost kernel: Policy zone: DMA32
Aug  1 11:58:38 localhost kernel: Kernel command line: BOOT_IMAGE=/vmlinuz-3.10.0-862.el7.x86_64 root=UUID=040dfccb-203d-4d47-abc8-bb56eadb2aa6 ro crashkernel=auto rd.md.uuid=cd3646e4:08f7114c:1411039c:606122e8 rd.md.uuid=1abd53e1:800812ab:4861d617:d12ddcaf rd.md.uuid=60447cd7:b28fa9d6:6322220b:9a8076da rhgb quiet LANG=ru_RU.UTF-8
Aug  1 11:58:38 localhost kernel: PID hash table entries: 4096 (order: 3, 32768 bytes)
Aug  1 11:58:38 localhost kernel: x86/fpu: xstate_offset[2]: 0240, xstate_sizes[2]: 0100
Aug  1 11:58:38 localhost kernel: xsave: enabled xstate_bv 0x7, cntxt size 0x340 using standard form
Aug  1 11:58:38 localhost kernel: Memory: 993096k/1048512k available (7324k kernel code, 392k absent, 55024k reserved, 6305k data, 1832k init)
Aug  1 11:58:38 localhost kernel: SLUB: HWalign=64, Order=0-3, MinObjects=0, CPUs=1, Nodes=1
Aug  1 11:58:38 localhost kernel: x86/pti: Unmapping kernel while in userspace
Aug  1 11:58:38 localhost kernel: Hierarchical RCU implementation.
Aug  1 11:58:38 localhost kernel: #011RCU restricting CPUs from NR_CPUS=5120 to nr_cpu_ids=1.
Aug  1 11:58:38 localhost kernel: NR_IRQS:327936 nr_irqs:256 0
Aug  1 11:58:38 localhost kernel: Console: colour VGA+ 80x25
Aug  1 11:58:38 localhost kernel: console [tty0] enabled
Aug  1 11:58:38 localhost kernel: allocated 4194304 bytes of page_cgroup
Aug  1 11:58:38 localhost kernel: please try 'cgroup_disable=memory' option if you don't want memory cgroups
Aug  1 11:58:38 localhost kernel: tsc: Detected 2294.786 MHz processor
Aug  1 11:58:38 localhost kernel: Calibrating delay loop (skipped) preset value.. 4589.57 BogoMIPS (lpj=2294786)
Aug  1 11:58:38 localhost kernel: pid_max: default: 32768 minimum: 301
Aug  1 11:58:38 localhost kernel: Security Framework initialized
Aug  1 11:58:38 localhost kernel: SELinux:  Initializing.
Aug  1 11:58:38 localhost kernel: Yama: becoming mindful.
Aug  1 11:58:38 localhost kernel: Dentry cache hash table entries: 131072 (order: 8, 1048576 bytes)
Aug  1 11:58:38 localhost kernel: Inode-cache hash table entries: 65536 (order: 7, 524288 bytes)
Aug  1 11:58:38 localhost kernel: Mount-cache hash table entries: 2048 (order: 2, 16384 bytes)
Aug  1 11:58:38 localhost kernel: Mountpoint-cache hash table entries: 2048 (order: 2, 16384 bytes)
Aug  1 11:58:38 localhost kernel: Initializing cgroup subsys memory
Aug  1 11:58:38 localhost kernel: Initializing cgroup subsys devices
Aug  1 11:58:38 localhost kernel: Initializing cgroup subsys freezer
Aug  1 11:58:38 localhost kernel: Initializing cgroup subsys net_cls
Aug  1 11:58:38 localhost kernel: Initializing cgroup subsys blkio
Aug  1 11:58:38 localhost kernel: Initializing cgroup subsys perf_event
Aug  1 11:58:38 localhost kernel: Initializing cgroup subsys hugetlb
Aug  1 11:58:38 localhost kernel: Initializing cgroup subsys pids
Aug  1 11:58:38 localhost kernel: Initializing cgroup subsys net_prio
Aug  1 11:58:38 localhost kernel: CPU: Physical Processor ID: 0
Aug  1 11:58:38 localhost kernel: mce: CPU supports 0 MCE banks
Aug  1 11:58:38 localhost kernel: Last level iTLB entries: 4KB 512, 2MB 0, 4MB 0
Aug  1 11:58:38 localhost kernel: Last level dTLB entries: 4KB 512, 2MB 32, 4MB 32
Aug  1 11:58:38 localhost kernel: tlb_flushall_shift: 6
Aug  1 11:58:38 localhost kernel: FEATURE SPEC_CTRL Not Present
Aug  1 11:58:38 localhost kernel: FEATURE IBPB_SUPPORT Not Present
Aug  1 11:58:38 localhost kernel: Spectre V2 : Vulnerable: Retpoline without IBPB
Aug  1 11:58:38 localhost kernel: Freeing SMP alternatives: 24k freed
Aug  1 11:58:38 localhost kernel: ACPI: Core revision 20130517
Aug  1 11:58:38 localhost kernel: ACPI: All ACPI Tables successfully acquired
Aug  1 11:58:38 localhost kernel: ftrace: allocating 28047 entries in 110 pages
Aug  1 11:58:38 localhost kernel: Enabling x2apic
Aug  1 11:58:38 localhost kernel: Enabled x2apic
Aug  1 11:58:38 localhost kernel: Switched APIC routing to physical x2apic.
Aug  1 11:58:38 localhost kernel: ..TIMER: vector=0x30 apic1=0 pin1=2 apic2=-1 pin2=-1
Aug  1 11:58:38 localhost kernel: smpboot: CPU0: Intel(R) Core(TM) i3-2350M CPU @ 2.30GHz (fam: 06, model: 2a, stepping: 07)
Aug  1 11:58:38 localhost kernel: APIC calibration not consistent with PM-Timer: 98ms instead of 100ms
Aug  1 11:58:38 localhost kernel: APIC delta adjusted to PM-Timer: 6282463 (6189741)
Aug  1 11:58:38 localhost kernel: Performance Events: unsupported p6 CPU model 42 no PMU driver, software events only.
Aug  1 11:58:38 localhost kernel: KVM setup paravirtual spinlock
Aug  1 11:58:38 localhost kernel: Brought up 1 CPUs
Aug  1 11:58:38 localhost kernel: smpboot: Max logical packages: 1
Aug  1 11:58:38 localhost kernel: smpboot: Total of 1 processors activated (4589.57 BogoMIPS)
Aug  1 11:58:38 localhost kernel: devtmpfs: initialized
Aug  1 11:58:38 localhost kernel: EVM: security.selinux
Aug  1 11:58:38 localhost kernel: EVM: security.ima
Aug  1 11:58:38 localhost kernel: EVM: security.capability
Aug  1 11:58:38 localhost kernel: atomic64 test passed for x86-64 platform with CX8 and with SSE
Aug  1 11:58:38 localhost kernel: pinctrl core: initialized pinctrl subsystem
Aug  1 11:58:38 localhost kernel: RTC time:  8:58:37, date: 08/01/18
Aug  1 11:58:38 localhost kernel: NET: Registered protocol family 16
Aug  1 11:58:38 localhost kernel: ACPI: bus type PCI registered
Aug  1 11:58:38 localhost kernel: acpiphp: ACPI Hot Plug PCI Controller Driver version: 0.5
Aug  1 11:58:38 localhost kernel: PCI: Using configuration type 1 for base access
Aug  1 11:58:38 localhost kernel: ACPI: Added _OSI(Module Device)
Aug  1 11:58:38 localhost kernel: ACPI: Added _OSI(Processor Device)
Aug  1 11:58:38 localhost kernel: ACPI: Added _OSI(3.0 _SCP Extensions)
Aug  1 11:58:38 localhost kernel: ACPI: Added _OSI(Processor Aggregator Device)
Aug  1 11:58:38 localhost kernel: ACPI: Executed 1 blocks of module-level executable AML code
Aug  1 11:58:38 localhost kernel: ACPI: Interpreter enabled
Aug  1 11:58:38 localhost kernel: ACPI: (supports S0 S5)
Aug  1 11:58:38 localhost kernel: ACPI: Using IOAPIC for interrupt routing
Aug  1 11:58:38 localhost kernel: PCI: Using host bridge windows from ACPI; if necessary, use "pci=nocrs" and report a bug
Aug  1 11:58:38 localhost kernel: ACPI: Enabled 2 GPEs in block 00 to 07
Aug  1 11:58:38 localhost kernel: ACPI: PCI Root Bridge [PCI0] (domain 0000 [bus 00-ff])
Aug  1 11:58:38 localhost kernel: acpi PNP0A03:00: _OSC: OS supports [ASPM ClockPM Segments MSI]
Aug  1 11:58:38 localhost kernel: acpi PNP0A03:00: _OSC: not requesting OS control; OS requires [ExtendedConfig ASPM ClockPM MSI]
Aug  1 11:58:38 localhost kernel: acpi PNP0A03:00: fail to add MMCONFIG information, can't access extended PCI configuration space under this bridge.
Aug  1 11:58:38 localhost kernel: PCI host bridge to bus 0000:00
Aug  1 11:58:38 localhost kernel: pci_bus 0000:00: root bus resource [bus 00-ff]
Aug  1 11:58:38 localhost kernel: pci_bus 0000:00: root bus resource [io  0x0000-0x0cf7 window]
Aug  1 11:58:38 localhost kernel: pci_bus 0000:00: root bus resource [io  0x0d00-0xffff window]
Aug  1 11:58:38 localhost kernel: pci_bus 0000:00: root bus resource [mem 0x000a0000-0x000bffff window]
Aug  1 11:58:38 localhost kernel: pci_bus 0000:00: root bus resource [mem 0x40000000-0xfdffffff window]
Aug  1 11:58:38 localhost kernel: pci 0000:00:01.1: legacy IDE quirk: reg 0x10: [io  0x01f0-0x01f7]
Aug  1 11:58:38 localhost kernel: pci 0000:00:01.1: legacy IDE quirk: reg 0x14: [io  0x03f6]
Aug  1 11:58:38 localhost kernel: pci 0000:00:01.1: legacy IDE quirk: reg 0x18: [io  0x0170-0x0177]
Aug  1 11:58:38 localhost kernel: pci 0000:00:01.1: legacy IDE quirk: reg 0x1c: [io  0x0376]
Aug  1 11:58:38 localhost kernel: pci 0000:00:07.0: quirk: [io  0x4000-0x403f] claimed by PIIX4 ACPI
Aug  1 11:58:38 localhost kernel: pci 0000:00:07.0: quirk: [io  0x4100-0x410f] claimed by PIIX4 SMB
Aug  1 11:58:38 localhost kernel: ACPI: PCI Interrupt Link [LNKA] (IRQs 5 9 10 *11)
Aug  1 11:58:38 localhost kernel: ACPI: PCI Interrupt Link [LNKB] (IRQs 5 9 *10 11)
Aug  1 11:58:38 localhost kernel: ACPI: PCI Interrupt Link [LNKC] (IRQs 5 *9 10 11)
Aug  1 11:58:38 localhost kernel: ACPI: PCI Interrupt Link [LNKD] (IRQs 5 9 10 *11)
Aug  1 11:58:38 localhost kernel: vgaarb: device added: PCI:0000:00:02.0,decodes=io+mem,owns=io+mem,locks=none
Aug  1 11:58:38 localhost kernel: vgaarb: loaded
Aug  1 11:58:38 localhost kernel: vgaarb: bridge control possible 0000:00:02.0
Aug  1 11:58:38 localhost kernel: SCSI subsystem initialized
Aug  1 11:58:38 localhost kernel: ACPI: bus type USB registered
Aug  1 11:58:38 localhost kernel: usbcore: registered new interface driver usbfs
Aug  1 11:58:38 localhost kernel: usbcore: registered new interface driver hub
Aug  1 11:58:38 localhost kernel: usbcore: registered new device driver usb
Aug  1 11:58:38 localhost kernel: EDAC MC: Ver: 3.0.0
Aug  1 11:58:38 localhost kernel: PCI: Using ACPI for IRQ routing
Aug  1 11:58:38 localhost kernel: NetLabel: Initializing
Aug  1 11:58:38 localhost kernel: NetLabel:  domain hash size = 128
Aug  1 11:58:38 localhost kernel: NetLabel:  protocols = UNLABELED CIPSOv4
Aug  1 11:58:38 localhost kernel: NetLabel:  unlabeled traffic allowed by default
Aug  1 11:58:38 localhost kernel: amd_nb: Cannot enumerate AMD northbridges
Aug  1 11:58:38 localhost kernel: Switched to clocksource kvm-clock
Aug  1 11:58:38 localhost kernel: pnp: PnP ACPI init
Aug  1 11:58:38 localhost kernel: ACPI: bus type PNP registered
Aug  1 11:58:38 localhost kernel: pnp: PnP ACPI: found 2 devices
Aug  1 11:58:38 localhost kernel: ACPI: bus type PNP unregistered
Aug  1 11:58:38 localhost kernel: NET: Registered protocol family 2
Aug  1 11:58:38 localhost kernel: TCP established hash table entries: 8192 (order: 4, 65536 bytes)
Aug  1 11:58:38 localhost kernel: TCP bind hash table entries: 8192 (order: 5, 131072 bytes)
Aug  1 11:58:38 localhost kernel: TCP: Hash tables configured (established 8192 bind 8192)
Aug  1 11:58:38 localhost kernel: TCP: reno registered
Aug  1 11:58:38 localhost kernel: UDP hash table entries: 512 (order: 2, 16384 bytes)
Aug  1 11:58:38 localhost kernel: UDP-Lite hash table entries: 512 (order: 2, 16384 bytes)
Aug  1 11:58:38 localhost kernel: NET: Registered protocol family 1
Aug  1 11:58:38 localhost kernel: pci 0000:00:00.0: Limiting direct PCI/PCI transfers
Aug  1 11:58:38 localhost kernel: pci 0000:00:01.0: Activating ISA DMA hang workarounds
Aug  1 11:58:38 localhost kernel: Unpacking initramfs...
Aug  1 11:58:38 localhost kernel: Freeing initrd memory: 19016k freed
Aug  1 11:58:38 localhost kernel: RAPL PMU: API unit is 2^-32 Joules, 3 fixed counters, 10737418240 ms ovfl timer
Aug  1 11:58:38 localhost kernel: RAPL PMU: hw unit of domain pp0-core 2^-0 Joules
Aug  1 11:58:38 localhost kernel: RAPL PMU: hw unit of domain package 2^-0 Joules
Aug  1 11:58:38 localhost kernel: RAPL PMU: hw unit of domain pp1-gpu 2^-0 Joules
Aug  1 11:58:38 localhost kernel: platform rtc_cmos: registered platform RTC device (no PNP device found)
Aug  1 11:58:38 localhost kernel: sha1_ssse3: Using AVX optimized SHA-1 implementation
Aug  1 11:58:38 localhost kernel: sha256_ssse3: Using AVX optimized SHA-256 implementation
Aug  1 11:58:38 localhost kernel: futex hash table entries: 256 (order: 2, 16384 bytes)
Aug  1 11:58:38 localhost kernel: Initialise system trusted keyring
Aug  1 11:58:38 localhost kernel: audit: initializing netlink socket (disabled)
Aug  1 11:58:38 localhost kernel: type=2000 audit(1533113931.132:1): initialized
Aug  1 11:58:38 localhost kernel: HugeTLB registered 2 MB page size, pre-allocated 0 pages
Aug  1 11:58:38 localhost kernel: zpool: loaded
Aug  1 11:58:38 localhost kernel: zbud: loaded
Aug  1 11:58:38 localhost kernel: VFS: Disk quotas dquot_6.5.2
Aug  1 11:58:38 localhost kernel: Dquot-cache hash table entries: 512 (order 0, 4096 bytes)
Aug  1 11:58:38 localhost kernel: msgmni has been set to 1976
Aug  1 11:58:38 localhost kernel: Key type big_key registered
Aug  1 11:58:38 localhost kernel: NET: Registered protocol family 38
Aug  1 11:58:38 localhost kernel: Key type asymmetric registered
Aug  1 11:58:38 localhost kernel: Asymmetric key parser 'x509' registered
Aug  1 11:58:38 localhost kernel: Block layer SCSI generic (bsg) driver version 0.4 loaded (major 248)
Aug  1 11:58:38 localhost kernel: io scheduler noop registered
Aug  1 11:58:38 localhost kernel: io scheduler deadline registered (default)
Aug  1 11:58:38 localhost kernel: io scheduler cfq registered
Aug  1 11:58:38 localhost kernel: io scheduler mq-deadline registered
Aug  1 11:58:38 localhost kernel: io scheduler kyber registered
Aug  1 11:58:38 localhost kernel: pci_hotplug: PCI Hot Plug PCI Core version: 0.5
Aug  1 11:58:38 localhost kernel: pciehp: PCI Express Hot Plug Controller Driver version: 0.4
Aug  1 11:58:38 localhost kernel: ACPI: AC Adapter [AC] (on-line)
Aug  1 11:58:38 localhost kernel: input: Power Button as /devices/LNXSYSTM:00/LNXPWRBN:00/input/input0
Aug  1 11:58:38 localhost kernel: ACPI: Power Button [PWRF]
Aug  1 11:58:38 localhost kernel: input: Sleep Button as /devices/LNXSYSTM:00/LNXSLPBN:00/input/input1
Aug  1 11:58:38 localhost kernel: ACPI: Sleep Button [SLPF]
Aug  1 11:58:38 localhost kernel: GHES: HEST is not enabled!
Aug  1 11:58:38 localhost kernel: Serial: 8250/16550 driver, 4 ports, IRQ sharing enabled
Aug  1 11:58:38 localhost kernel: Non-volatile memory driver v1.3
Aug  1 11:58:38 localhost kernel: Linux agpgart interface v0.103
Aug  1 11:58:38 localhost kernel: crash memory driver: version 1.1
Aug  1 11:58:38 localhost kernel: rdac: device handler registered
Aug  1 11:58:38 localhost kernel: ACPI: Battery Slot [BAT0] (battery present)
Aug  1 11:58:38 localhost kernel: hp_sw: device handler registered
Aug  1 11:58:38 localhost kernel: emc: device handler registered
Aug  1 11:58:38 localhost kernel: alua: device handler registered
Aug  1 11:58:38 localhost kernel: libphy: Fixed MDIO Bus: probed
Aug  1 11:58:38 localhost kernel: ehci_hcd: USB 2.0 'Enhanced' Host Controller (EHCI) Driver
Aug  1 11:58:38 localhost kernel: ehci-pci: EHCI PCI platform driver
Aug  1 11:58:38 localhost kernel: ohci_hcd: USB 1.1 'Open' Host Controller (OHCI) Driver
Aug  1 11:58:38 localhost kernel: ohci-pci: OHCI PCI platform driver
Aug  1 11:58:38 localhost kernel: ohci-pci 0000:00:06.0: OHCI PCI host controller
Aug  1 11:58:38 localhost kernel: ohci-pci 0000:00:06.0: new USB bus registered, assigned bus number 1
Aug  1 11:58:38 localhost kernel: ohci-pci 0000:00:06.0: irq 22, io mem 0xf0804000
Aug  1 11:58:38 localhost kernel: usb usb1: New USB device found, idVendor=1d6b, idProduct=0001
Aug  1 11:58:38 localhost kernel: usb usb1: New USB device strings: Mfr=3, Product=2, SerialNumber=1
Aug  1 11:58:38 localhost kernel: usb usb1: Product: OHCI PCI host controller
Aug  1 11:58:38 localhost kernel: usb usb1: Manufacturer: Linux 3.10.0-862.el7.x86_64 ohci_hcd
Aug  1 11:58:38 localhost kernel: usb usb1: SerialNumber: 0000:00:06.0
Aug  1 11:58:38 localhost kernel: hub 1-0:1.0: USB hub found
Aug  1 11:58:38 localhost kernel: hub 1-0:1.0: 12 ports detected
Aug  1 11:58:38 localhost kernel: uhci_hcd: USB Universal Host Controller Interface driver
Aug  1 11:58:38 localhost kernel: usbcore: registered new interface driver usbserial
Aug  1 11:58:38 localhost kernel: usbcore: registered new interface driver usbserial_generic
Aug  1 11:58:38 localhost kernel: usbserial: USB Serial support registered for generic
Aug  1 11:58:38 localhost kernel: i8042: PNP: PS/2 Controller [PNP0303:PS2K,PNP0f03:PS2M] at 0x60,0x64 irq 1,12
Aug  1 11:58:38 localhost kernel: serio: i8042 KBD port at 0x60,0x64 irq 1
Aug  1 11:58:38 localhost kernel: serio: i8042 AUX port at 0x60,0x64 irq 12
Aug  1 11:58:38 localhost kernel: mousedev: PS/2 mouse device common for all mice
Aug  1 11:58:38 localhost kernel: input: AT Translated Set 2 keyboard as /devices/platform/i8042/serio0/input/input2
Aug  1 11:58:38 localhost kernel: random: fast init done
Aug  1 11:58:38 localhost kernel: rtc_cmos rtc_cmos: rtc core: registered rtc_cmos as rtc0
Aug  1 11:58:38 localhost kernel: rtc_cmos rtc_cmos: alarms up to one day, 114 bytes nvram
Aug  1 11:58:38 localhost kernel: cpuidle: using governor menu
Aug  1 11:58:38 localhost kernel: hidraw: raw HID events driver (C) Jiri Kosina
Aug  1 11:58:38 localhost kernel: usbcore: registered new interface driver usbhid
Aug  1 11:58:38 localhost kernel: usbhid: USB HID core driver
Aug  1 11:58:38 localhost kernel: drop_monitor: Initializing network drop monitor service
Aug  1 11:58:38 localhost kernel: TCP: cubic registered
Aug  1 11:58:38 localhost kernel: Initializing XFRM netlink socket
Aug  1 11:58:38 localhost kernel: NET: Registered protocol family 10
Aug  1 11:58:38 localhost kernel: NET: Registered protocol family 17
Aug  1 11:58:38 localhost kernel: mpls_gso: MPLS GSO support
Aug  1 11:58:38 localhost kernel: microcode: CPU0 sig=0x206a7, pf=0x10, revision=0x0
Aug  1 11:58:38 localhost kernel: microcode: Microcode Update Driver: v2.01 <tigran@aivazian.fsnet.co.uk>, Peter Oruba
Aug  1 11:58:38 localhost kernel: Loading compiled-in X.509 certificates
Aug  1 11:58:38 localhost kernel: Loaded X.509 cert 'CentOS Linux kpatch signing key: ea0413152cde1d98ebdca3fe6f0230904c9ef717'
Aug  1 11:58:38 localhost kernel: Loaded X.509 cert 'CentOS Linux Driver update signing key: 7f421ee0ab69461574bb358861dbe77762a4201b'
Aug  1 11:58:38 localhost kernel: Loaded X.509 cert 'CentOS Linux kernel signing key: 3af3ce8a74696ef1bd0f37e552627b7109e32b96'
Aug  1 11:58:38 localhost kernel: registered taskstats version 1
Aug  1 11:58:38 localhost kernel: Key type trusted registered
Aug  1 11:58:38 localhost kernel: Key type encrypted registered
Aug  1 11:58:38 localhost kernel: IMA: No TPM chip found, activating TPM-bypass! (rc=-19)
Aug  1 11:58:38 localhost kernel:  Magic number: 14:375:977
Aug  1 11:58:38 localhost kernel: rtc_cmos rtc_cmos: setting system clock to 2018-08-01 08:58:38 UTC (1533113918)
Aug  1 11:58:38 localhost kernel: Freeing unused kernel memory: 1832k freed
Aug  1 11:58:38 localhost kernel: Write protecting the kernel read-only data: 12288k
Aug  1 11:58:38 localhost kernel: Freeing unused kernel memory: 856k freed
Aug  1 11:58:38 localhost kernel: Freeing unused kernel memory: 684k freed
Aug  1 11:58:38 localhost systemd[1]: systemd 219 running in system mode. (+PAM +AUDIT +SELINUX +IMA -APPARMOR +SMACK +SYSVINIT +UTMP +LIBCRYPTSETUP +GCRYPT +GNUTLS +ACL +XZ +LZ4 -SECCOMP +BLKID +ELFUTILS +KMOD +IDN)
Aug  1 11:58:38 localhost systemd[1]: Detected virtualization kvm.
Aug  1 11:58:38 localhost systemd[1]: Detected architecture x86-64.
Aug  1 11:58:38 localhost systemd[1]: Running in initial RAM disk.
Aug  1 11:58:38 localhost systemd[1]: Set hostname to <localhost.localdomain>.
Aug  1 11:58:38 localhost systemd[1]: Reached target Timers.
Aug  1 11:58:38 localhost systemd[1]: Starting Timers.
Aug  1 11:58:38 localhost systemd[1]: Reached target Local File Systems.
Aug  1 11:58:38 localhost systemd[1]: Starting Local File Systems.
Aug  1 11:58:38 localhost systemd[1]: Reached target Swap.
Aug  1 11:58:38 localhost systemd[1]: Starting Swap.
Aug  1 11:58:38 localhost systemd[1]: Created slice Root Slice.
Aug  1 11:58:38 localhost systemd[1]: Starting Root Slice.
Aug  1 11:58:38 localhost systemd[1]: Listening on udev Kernel Socket.
Aug  1 11:58:38 localhost systemd[1]: Starting udev Kernel Socket.
Aug  1 11:58:38 localhost systemd[1]: Listening on Journal Socket.
Aug  1 11:58:38 localhost systemd[1]: Starting Journal Socket.
Aug  1 11:58:38 localhost systemd[1]: Created slice System Slice.
Aug  1 11:58:38 localhost systemd[1]: Starting System Slice.
Aug  1 11:58:38 localhost systemd[1]: Starting Apply Kernel Variables...
Aug  1 11:58:38 localhost systemd[1]: Starting Create list of required static device nodes for the current kernel...
Aug  1 11:58:38 localhost systemd[1]: Starting Setup Virtual Console...
Aug  1 11:58:38 localhost systemd[1]: Starting dracut cmdline hook...
Aug  1 11:58:38 localhost systemd[1]: Starting Journal Service...
Aug  1 11:58:38 localhost systemd[1]: Reached target Slices.
Aug  1 11:58:38 localhost systemd[1]: Starting Slices.
Aug  1 11:58:38 localhost systemd[1]: Listening on udev Control Socket.
Aug  1 11:58:38 localhost systemd[1]: Starting udev Control Socket.
Aug  1 11:58:38 localhost systemd[1]: Reached target Sockets.
Aug  1 11:58:38 localhost systemd[1]: Starting Sockets.
Aug  1 11:58:38 localhost kernel: psmouse serio1: alps: Unknown ALPS touchpad: E7=10 00 64, EC=10 00 64
Aug  1 11:58:38 localhost systemd[1]: Started Create list of required static device nodes for the current kernel.
Aug  1 11:58:38 localhost kernel: input: ImExPS/2 Generic Explorer Mouse as /devices/platform/i8042/serio1/input/input3
Aug  1 11:58:38 localhost systemd[1]: Started Apply Kernel Variables.
Aug  1 11:58:38 localhost systemd[1]: Starting Create Static Device Nodes in /dev...
Aug  1 11:58:38 localhost systemd[1]: Started Create Static Device Nodes in /dev.
Aug  1 11:58:38 localhost journal: Journal started
Aug  1 11:58:39 localhost systemd[1]: Started Journal Service.
Aug  1 11:58:39 localhost kernel: tsc: Refined TSC clocksource calibration: 2296.296 MHz
Aug  1 11:58:39 localhost systemd: Started Setup Virtual Console.
Aug  1 11:58:39 localhost systemd: Started dracut cmdline hook.
Aug  1 11:58:39 localhost systemd: Starting dracut pre-udev hook...
Aug  1 11:58:39 localhost systemd: Started dracut pre-udev hook.
Aug  1 11:58:39 localhost systemd: Starting udev Kernel Device Manager...
Aug  1 11:58:39 localhost systemd-udevd: starting version 219
Aug  1 11:58:39 localhost systemd: Started udev Kernel Device Manager.
Aug  1 11:58:39 localhost systemd: Starting dracut pre-trigger hook...
Aug  1 11:58:39 localhost systemd: Started dracut pre-trigger hook.
Aug  1 11:58:39 localhost systemd: Starting udev Coldplug all Devices...
Aug  1 11:58:39 localhost systemd: Mounting Configuration File System...
Aug  1 11:58:39 localhost systemd: Mounted Configuration File System.
Aug  1 11:58:40 localhost systemd: Started udev Coldplug all Devices.
Aug  1 11:58:40 localhost systemd: Starting Show Plymouth Boot Screen...
Aug  1 11:58:40 localhost systemd: Starting dracut initqueue hook...
Aug  1 11:58:40 localhost systemd: Reached target System Initialization.
Aug  1 11:58:40 localhost systemd: Starting System Initialization.
Aug  1 11:58:40 localhost systemd: Started Show Plymouth Boot Screen.
Aug  1 11:58:40 localhost systemd: Started Forward Password Requests to Plymouth Directory Watch.
Aug  1 11:58:40 localhost systemd: Starting Forward Password Requests to Plymouth Directory Watch.
Aug  1 11:58:40 localhost systemd: Reached target Paths.
Aug  1 11:58:40 localhost systemd: Starting Paths.
Aug  1 11:58:40 localhost systemd: Reached target Basic System.
Aug  1 11:58:40 localhost systemd: Starting Basic System.
Aug  1 11:58:40 localhost kernel: e1000: Intel(R) PRO/1000 Network Driver - version 7.3.21-k8-NAPI
Aug  1 11:58:40 localhost kernel: e1000: Copyright (c) 1999-2006 Intel Corporation.
Aug  1 11:58:41 localhost kernel: e1000 0000:00:03.0 eth0: (PCI:33MHz:32-bit) 08:00:27:c2:be:3e
Aug  1 11:58:41 localhost kernel: e1000 0000:00:03.0 eth0: Intel(R) PRO/1000 Network Connection
Aug  1 11:58:41 localhost kernel: ahci 0000:00:0d.0: SSS flag set, parallel bus scan disabled
Aug  1 11:58:41 localhost kernel: ahci 0000:00:0d.0: AHCI 0001.0100 32 slots 2 ports 3 Gbps 0x3 impl SATA mode
Aug  1 11:58:41 localhost kernel: ahci 0000:00:0d.0: flags: 64bit ncq stag only ccc 
Aug  1 11:58:41 localhost kernel: scsi host0: ahci
Aug  1 11:58:41 localhost kernel: scsi host1: ahci
Aug  1 11:58:41 localhost kernel: ata1: SATA max UDMA/133 abar m8192@0xf0806000 port 0xf0806100 irq 21
Aug  1 11:58:41 localhost kernel: ata2: SATA max UDMA/133 abar m8192@0xf0806000 port 0xf0806180 irq 21
Aug  1 11:58:41 localhost kernel: scsi host2: ata_piix
Aug  1 11:58:41 localhost kernel: scsi host3: ata_piix
Aug  1 11:58:41 localhost kernel: ata3: PATA max UDMA/33 cmd 0x1f0 ctl 0x3f6 bmdma 0xd000 irq 14
Aug  1 11:58:41 localhost kernel: ata4: PATA max UDMA/33 cmd 0x170 ctl 0x376 bmdma 0xd008 irq 15
Aug  1 11:58:41 localhost kernel: ata4.00: ATAPI: VBOX CD-ROM, 1.0, max UDMA/133
Aug  1 11:58:41 localhost kernel: ata4.00: configured for UDMA/33
Aug  1 11:58:41 localhost kernel: ata1: SATA link up 3.0 Gbps (SStatus 123 SControl 300)
Aug  1 11:58:41 localhost kernel: ata1.00: ATA-6: VBOX HARDDISK, 1.0, max UDMA/133
Aug  1 11:58:41 localhost kernel: ata1.00: 16777216 sectors, multi 128: LBA48 NCQ (depth 31/32)
Aug  1 11:58:41 localhost kernel: ata1.00: configured for UDMA/133
Aug  1 11:58:41 localhost kernel: scsi 0:0:0:0: Direct-Access     ATA      VBOX HARDDISK    1.0  PQ: 0 ANSI: 5
Aug  1 11:58:41 localhost kernel: ata2: SATA link up 3.0 Gbps (SStatus 123 SControl 300)
Aug  1 11:58:41 localhost kernel: ata2.00: ATA-6: VBOX HARDDISK, 1.0, max UDMA/133
Aug  1 11:58:41 localhost kernel: ata2.00: 16777216 sectors, multi 128: LBA48 NCQ (depth 31/32)
Aug  1 11:58:41 localhost kernel: ata2.00: configured for UDMA/133
Aug  1 11:58:41 localhost kernel: scsi 1:0:0:0: Direct-Access     ATA      VBOX HARDDISK    1.0  PQ: 0 ANSI: 5
Aug  1 11:58:41 localhost kernel: scsi 3:0:0:0: CD-ROM            VBOX     CD-ROM           1.0  PQ: 0 ANSI: 5
Aug  1 11:58:42 localhost kernel: sd 0:0:0:0: [sda] 16777216 512-byte logical blocks: (8.58 GB/8.00 GiB)
Aug  1 11:58:42 localhost kernel: sd 0:0:0:0: [sda] Write Protect is off
Aug  1 11:58:42 localhost kernel: sd 0:0:0:0: [sda] Write cache: enabled, read cache: enabled, doesn't support DPO or FUA
Aug  1 11:58:42 localhost kernel: sd 1:0:0:0: [sdb] 16777216 512-byte logical blocks: (8.58 GB/8.00 GiB)
Aug  1 11:58:42 localhost kernel: sd 1:0:0:0: [sdb] Write Protect is off
Aug  1 11:58:42 localhost kernel: sd 1:0:0:0: [sdb] Write cache: enabled, read cache: enabled, doesn't support DPO or FUA
Aug  1 11:58:42 localhost kernel: sr 3:0:0:0: [sr0] scsi3-mmc drive: 32x/32x xa/form2 tray
Aug  1 11:58:42 localhost kernel: cdrom: Uniform CD-ROM driver Revision: 3.20
Aug  1 11:58:42 localhost kernel: sda: sda1 sda2 sda3
Aug  1 11:58:42 localhost kernel: sd 0:0:0:0: [sda] Attached SCSI disk
Aug  1 11:58:42 localhost kernel: sdb: sdb1 sdb2 sdb3
Aug  1 11:58:42 localhost kernel: sd 1:0:0:0: [sdb] Attached SCSI disk
Aug  1 11:58:42 localhost kernel: md/raid1:md126: active with 2 out of 2 mirrors
Aug  1 11:58:42 localhost kernel: md126: detected capacity change from 0 to 2146435072
Aug  1 11:58:42 localhost kernel: md/raid1:md125: active with 2 out of 2 mirrors
Aug  1 11:58:42 localhost kernel: md/raid1:md127: active with 2 out of 2 mirrors
Aug  1 11:58:42 localhost kernel: md125: detected capacity change from 0 to 1072693248
Aug  1 11:58:42 localhost kernel: md127: detected capacity change from 0 to 5342494720
Aug  1 11:58:42 localhost systemd: Found device /dev/disk/by-uuid/040dfccb-203d-4d47-abc8-bb56eadb2aa6.
Aug  1 11:58:42 localhost systemd: Starting File System Check on /dev/disk/by-uuid/040dfccb-203d-4d47-abc8-bb56eadb2aa6...
Aug  1 11:58:42 localhost systemd-fsck: /sbin/fsck.xfs: XFS file system.
Aug  1 11:58:42 localhost systemd: Started File System Check on /dev/disk/by-uuid/040dfccb-203d-4d47-abc8-bb56eadb2aa6.
Aug  1 11:58:43 localhost systemd: Started dracut initqueue hook.
Aug  1 11:58:43 localhost systemd: Starting dracut pre-mount hook...
Aug  1 11:58:43 localhost systemd: Reached target Remote File Systems (Pre).
Aug  1 11:58:43 localhost systemd: Starting Remote File Systems (Pre).
Aug  1 11:58:43 localhost systemd: Reached target Remote File Systems.
Aug  1 11:58:43 localhost systemd: Starting Remote File Systems.
Aug  1 11:58:43 localhost systemd: Started dracut pre-mount hook.
Aug  1 11:58:43 localhost systemd: Mounting /sysroot...
Aug  1 11:58:43 localhost kernel: random: crng init done
Aug  1 11:58:43 localhost kernel: SGI XFS with ACLs, security attributes, no debug enabled
Aug  1 11:58:43 localhost kernel: XFS (md127): Mounting V5 Filesystem
Aug  1 11:58:43 localhost kernel: XFS (md127): Ending clean mount
Aug  1 11:58:43 localhost systemd: Mounted /sysroot.
Aug  1 11:58:43 localhost systemd: Reached target Initrd Root File System.
Aug  1 11:58:43 localhost systemd: Starting Initrd Root File System.
Aug  1 11:58:43 localhost systemd: Starting Reload Configuration from the Real Root...
Aug  1 11:58:43 localhost systemd: Reloading.
Aug  1 11:58:44 localhost systemd: Started Reload Configuration from the Real Root.
Aug  1 11:58:44 localhost systemd: Reached target Initrd File Systems.
Aug  1 11:58:44 localhost systemd: Starting Initrd File Systems.
Aug  1 11:58:44 localhost systemd: Reached target Initrd Default Target.
Aug  1 11:58:44 localhost systemd: Starting Initrd Default Target.
Aug  1 11:58:44 localhost systemd: Starting dracut pre-pivot and cleanup hook...
Aug  1 11:58:44 localhost systemd: Started dracut pre-pivot and cleanup hook.
Aug  1 11:58:44 localhost systemd: Starting Cleaning Up and Shutting Down Daemons...
